---------------------------------------------------------------------------
 International Telecommunications Union - Radiocommunication Sector (ITU-R)
     ITURHFProp         Ver Sep 25 2026
     HF Model (P533)    Ver 14.2
     Noise Model (P372) Ver 14.3
     Analysis Prepared  Fri Sep 25 21:17:57 2026

---------------------------------------------------------------------------

**********************************************************
*      DumpPathData - p533() Path data structure         *
**********************************************************
**********************************************************
*                 Input Parameters                       *
**********************************************************
	Base
	Year = 1985
	Month = May
	Hour  = 20 (hour UTC)
	SSN (R12) = 18
	Tx power =  0.000 (dB(1kW))
	Tx Location TX
	Tx latitude  =  0.867 ( 49.670) [ 49 40 12]
	Tx longitude =  0.110 ( 6.320) [ 6 19 12]
	Rx Location RX
	Rx latitude  =  0.892 ( 51.120) [ 51 7 11]
	Rx longitude =  0.127 ( 7.270) [ 7 16 11]
	local time Rx   =  20 
	local time Tx   =  20 
	Frequency =  6.100 (MHz)
	Bandwidth =  1000.000 (Hz)
	Short or Long Path = Short
	Modulation = ANALOG
	Required signal-to-noise ratio =  10.000
	Required Reliability (%) =  10
	Required signal-to-interference ratio =  23.760
	Man-made noise = RURAL
	Antenna configuration: Transmitter main beam to receiver main beam
	Transmit antenna ISOTROPIC
	Transmit antenna bearing = 22.303678
	Transmit antenna gain offset = 0.000000
	Receive antenna  ISOTROPIC
	Receive antenna bearing = 203.035678
	Receive antenna gain offset = 0.000000
**********************************************************
*                 Calculated Parameters                  *
**********************************************************
****************** Distances (km) ************************
	distance =  174.727
	slant range =  3549.070
	dmax     =  4000.000
************ Maximum Usable Frequencies (MHz) ************
	basic MUF       =  6.470
	10% MUF         =  7.440
	50% MUF         =  6.470
	90% MUF         =  5.424
	Operational MUF =  7.117
	10% OPMUF       =  8.184
	90% OPMUF       =  5.967
********* Lowest Order and Dominant Mode *****************
	lowest order F2 layer mode =  1
	lowest order E layer mode =  1
	Dominant mode: F2 layer mode 1
************************ Season ***************************
	season = Summer
****** Field Strength (dB(1 uV/m)) and Rx Power (dBW) *****
	Field Strength (7000 km > D)           =  37.145
	Field Strength (7000 km < D < 9000 km) = -307.000
	Field Strength           (D > 9000 km) = -307.000
	Median Rx power = -85.762
**************** Rx Elevation Angle (degs)****************
	Rx Elevation angle =  72.770
***************** Short Path Parameters *******************
	"Not otherwise included loss" (dB) =  8.720
***************** Noise Parameters (dB) *******************
	Atmospheric noise upper decile =  8.741
	Atmospheric noise lower decile =  7.908
	Atmospheric noise              =  49.899
	Man made noise upper decile    =  9.200
	Man made noise lower decile    =  4.600
	Man made noise                 =  45.446
	Galactic noise upper decile    =  2.000
	Galactic noise lower decile    =  2.000
	Galactic noise                 =  33.937
	Total noise upper decile       =  7.917
	Total noise lower decile       =  7.307
	Total noise                    =  51.310
********************** SNR Parameters (dB) *************************************
	Monthly median resultant signal-to-noise ratio =  36.929
	Upper decile deviation signal-to-noise ratio   =  11.518
	Lower decile deviation signal-to-noise ratio   =  16.897
	Signal-to-noise exceeded for 10% of the month  =  48.447
********************** SIR Parameters (dB) *************************************
	Signal-to-interference ratio = -307.000
	Upper decile deviation of the signal-to-interference ratio = -307.000
	Lower decile deviation of the signal-to-interference ratio = -307.000
******************** Reliability Parameters (%) *******************************
	Basic Circuit Reliability                      =  99.156
	Multimode Interference                         = -307.000
	Overall Circuit Reliability without scattering =  0.000
	Overall Circuit Reliability with scattering    =  0.000
	Probability of scattering                      =  0.000
	Probability required SNR is achieved                      =  0.000
	Probability required time spread T0 is not exceeded       =  0.000
	Probability required frequency spread f0 is not exceeded  =  0.000
**********************************************************
*                      F2 Mode 1                         *
**********************************************************
	basic MUF  =  6.470 (MHz)
	10% MUF    =  7.440 (MHz)
	50% MUF    =  6.470 (MHz)
	90% MUF    =  5.424 (MHz)
	OPMUF      =  7.117 (MHz)
	10% OPMUF  =  8.184 (MHz)
	90% OPMUF  =  5.967 (MHz)
	Fprob        =  0.709 (%)
	Lower decile =  0.838
	Upper decile =  1.150
	E Layer Screen Frequency  =  1.681 (MHz)
	Basic Loss (< 7000 km)    =  115.848 (dB)
	Median Field Strength     =  36.458 (dB(1 uV/m))
	Receiver Power            = -86.448 (dBW)
	Delay                     =  0.000 (mS)
	Elevation angle   =  72.770 (degs)
	Reflection height =  364.863 (km)
	Receiver Gain =  0.000 (dBi)
**********************************************************
*                      F2 Mode 2                         *
**********************************************************
	basic MUF  =  6.349 (MHz)
