Circuit#,Status,41
1,OK,41
2,BAD_RECORD,41
3,BAD_RECORD,41
4,BAD_RECORD,41
5,BAD_RECORD,41
6,BAD_RECORD,41
7,BAD_RECORD,41
8,BAD_RECORD,41
9,BAD_RECORD,41
10,BAD_RECORD,41
11,BAD_RECORD,41
12,OK,41
13,OK,41
14,BAD_RECORD,41
15,BAD_RECORD,41
16,BAD_RECORD,41
17,BAD_RECORD,41
18,BAD_RECORD,41
19,P533_ERROR,41
20,BAD_RECORD,41
21,BAD_RECORD,41
22,OK,41
23,BAD_RECORD,41
24,BAD_RECORD,41
