---------------------------------------------------------------------------
 International Telecommunications Union - Radiocommunication Sector (ITU-R)
     ITURHFProp         Ver Sep 24 2026
     HF Model (P533)    Ver 14.2
     Noise Model (P372) Ver 14.3
     Analysis Prepared  Fri Sep 25 10:33:05 2026

---------------------------------------------------------------------------

***************************** P533 Input Parameters ****************************

	Test case ID 1: Year 84 Month 8
	Year          : 1984
	Month         : August
	Hour          : 1 (hour UTC)
	SSN (R12)     : 37
	Distance      : 174.728941 (km)
	dmax          : 4000.000000 (km)
	Tx power      : 0.000000
	Tx Location     LUXEMBURG
	Tx latitude   :  49.666667 N
	Tx longitude  :   6.316667 E
	Rx Location     BOCKHACKEN
	Rx latitude   :  51.116667 N
	Rx longitude  :   7.266667 E
	local time Rx : 1 (hour UTC)
	local time Tx : 1 (hour UTC)
	Frequency     : 6.100000
	Bandwidth     : 1000.000000
	Modulation : ANALOG
	Required signal-to-noise ratio : 10.000000
	Required % of month signal-to-noise ratio :  50
	Required signal-to-interference ratio : 23.760000
	Man-made noise : RURAL
	Antenna configuration : User determined
	Path Direction : SHORTPATH
	Transmit antenna               ISOTROPIC
	Transmit antenna bearing     : 0.000000
	Transmit antenna gain offset : 0.000000
	Receive antenna                ISOTROPIC
	Receive antenna bearing      : 0.000000
	Receive antenna gain offset  : 0.000000

************************ End P533 Input Parameters *****************************

************************** ITURHFP Input Parameters *****************************

	Upper left (North West) latitude   :  51.116667 N
	Upper left (North West) longitude  :   7.266667 E
	Lower right (South East) latitude  :  51.116667 N
	Lower right (South East) longitude :   7.266667 E
	Number of frequencies : 1
	Number of hours       : 24
	Number of months      : 1
	Latitude increment    : 1.000000 (deg)
	Longitude increment   : 1.000000 (deg)

************************** ITURHFP Input Parameters *****************************

******************************** Data Format ***********************************

Column 01: Month
Column 02: Hour
Column 03: Frequency (MHz)
Column 04: Receiver latitude (deg)
Column 05: Receiver longitude (deg)
Column 06: D - Path distance (km)
Column 07: E - Path Field Strength (dB(1uV/m))
Column 08: Pr - Median receiver power (dB)
Column 09: FaA - Atmospheric noise (dB)
Column 10: FaM - Man-made noise (dB)
Column 11: FaG - Galactic noise (dB)
Column 12: DuA - Upper decile deviation of atmospheric noise (dB)
Column 13: DlA - Lower decile deviation of atmospheric noise (dB)
Column 14: DuM - Upper decile deviation of man-made noise (dB)
Column 15: DlM - Lower decile deviation of man-made noise (dB)
Column 16: DuG - Upper decile deviation of galactic noise (dB)
Column 17: DlG - Lower decile deviation of galactic noise (dB)
Column 18: DuT - Upper decile deviation of total noise (dB)
Column 19: DlT - Lower decile deviation of total noise (dB)
Column 20: FamT - Total noise (dB)

************************** End Data Format ********************************

************************ Calculated Parameters ****************************

08, 01,    6.100,  51.1167,   7.2667,   174.73,  11.60,-111.31,  52.33,  45.45,  33.94,   6.05,   6.04,   9.20,   4.60,   2.00,   2.00,   6.17,   5.51,  53.44
08, 02,    6.100,  51.1167,   7.2667,   174.73,  10.03,-112.88,  51.26,  45.45,  33.94,   7.19,   7.16,   9.20,   4.60,   2.00,   2.00,   6.77,   6.62,  52.46
08, 03,    6.100,  51.1167,   7.2667,   174.73,   9.26,-113.65,  49.82,  45.45,  33.94,   8.09,   8.05,   9.20,   4.60,   2.00,   2.00,   7.37,   7.46,  51.22
08, 04,    6.100,  51.1167,   7.2667,   174.73,  11.69,-111.22,  47.67,  45.45,  33.94,   8.84,   8.78,   9.20,   4.60,   2.00,   2.00,   7.85,   8.04,  49.54
08, 05,    6.100,  51.1167,   7.2667,   174.73,  16.68,-106.22,  43.21,  45.45,  33.94,   9.47,   9.41,   9.20,   4.60,   2.00,   2.00,   8.20,   7.93,  47.04
08, 06,    6.100,  51.1167,   7.2667,   174.73,  21.80,-101.11,  41.99,  45.45,  33.94,   9.53,   8.89,   9.20,   4.60,   2.00,   2.00,   8.28,   6.78,  47.14
08, 07,    6.100,  51.1167,   7.2667,   174.73,  26.85, -96.06,  40.29,  45.45,  33.94,   9.59,   8.29,   9.20,   4.60,   2.00,   2.00,   8.43,   5.38,  47.23
08, 08,    6.100,  51.1167,   7.2667,   174.73,  33.66, -89.25,  37.46,  45.45,  33.94,   9.65,   7.60,   9.20,   4.60,   2.00,   2.00,   8.68,   4.26,  46.89
08, 09,    6.100,  51.1167,   7.2667,   174.73,  32.23, -90.68,  26.38,  45.45,  33.94,   9.71,   6.78,   9.20,   4.60,   2.00,   2.00,   9.10,   4.37,  45.72
08, 10,    6.100,  51.1167,   7.2667,   174.73,  30.96, -91.95,  27.66,  45.45,  33.94,  10.99,   7.44,   9.20,   4.60,   2.00,   2.00,   9.05,   4.35,  45.84
08, 11,    6.100,  51.1167,   7.2667,   174.73,  30.13, -92.78,  28.65,  45.45,  33.94,  11.98,   8.02,   9.20,   4.60,   2.00,   2.00,   9.01,   4.32,  46.00
08, 12,    6.100,  51.1167,   7.2667,   174.73,  29.59, -93.31,  29.45,  45.45,  33.94,  12.78,   8.53,   9.20,   4.60,   2.00,   2.00,   9.24,   4.31,  45.84
08, 13,    6.100,  51.1167,   7.2667,   174.73,  29.40, -93.50,  30.13,  45.45,  33.94,  13.46,   8.98,   9.20,   4.60,   2.00,   2.00,   9.37,   4.32,  45.86
08, 14,    6.100,  51.1167,   7.2667,   174.73,  25.75, -97.16,  38.61,  45.45,  33.94,  13.10,   9.41,   9.20,   4.60,   2.00,   2.00,  10.39,   6.28,  46.38
08, 15,    6.100,  51.1167,   7.2667,   174.73,  24.23, -98.68,  41.30,  45.45,  33.94,  12.70,   9.80,   9.20,   4.60,   2.00,   2.00,  10.69,   7.92,  46.23
08, 16,    6.100,  51.1167,   7.2667,   174.73,  25.40, -97.50,  42.95,  45.45,  33.94,  12.26,  10.15,   9.20,   4.60,   2.00,   2.00,  10.70,   8.92,  46.36
08, 17,    6.100,  51.1167,   7.2667,   174.73,  31.38, -91.52,  44.14,  45.45,  33.94,  11.78,  10.48,   9.20,   4.60,   2.00,   2.00,  10.61,   9.62,  46.63
08, 18,    6.100,  51.1167,   7.2667,   174.73,  33.19, -89.72,  47.63,  45.45,  33.94,  10.80,   9.61,   9.20,   4.60,   2.00,   2.00,   9.95,   9.04,  49.18
08, 19,    6.100,  51.1167,   7.2667,   174.73,  34.76, -88.14,  49.54,  45.45,  33.94,   9.53,   8.53,   9.20,   4.60,   2.00,   2.00,   8.71,   7.99,  50.88
08, 20,    6.100,  51.1167,   7.2667,   174.73,  36.27, -86.63,  50.87,  45.45,  33.94,   7.73,   7.09,   9.20,   4.60,   2.00,   2.00,   7.12,   6.49,  52.19
08, 21,    6.100,  51.1167,   7.2667,   174.73,  33.18, -89.73,  51.88,  45.45,  33.94,   4.61,   4.91,   9.20,   4.60,   2.00,   2.00,   6.22,   4.28,  52.82
08, 22,    6.100,  51.1167,   7.2667,   174.73,  22.42,-100.48,  52.00,  45.45,  33.94,   5.02,   5.22,   9.20,   4.60,   2.00,   2.00,   6.15,   4.61,  53.12
08, 23,    6.100,  51.1167,   7.2667,   174.73,  17.68,-105.23,  52.11,  45.45,  33.94,   5.39,   5.51,   9.20,   4.60,   2.00,   2.00,   6.12,   4.93,  53.31
08, 24,    6.100,  51.1167,   7.2667,   174.73,  14.45,-108.46,  52.22,  45.45,  33.94,   5.73,   5.79,   9.20,   4.60,   2.00,   2.00,   6.12,   5.23,  53.38

**************************End Calculated Parameters ***********************

