---------------------------------------------------------------------------
 International Telecommunications Union - Radiocommunication Sector (ITU-R)
     ITURHFProp         Ver Sep 25 2026
     HF Model (P533)    Ver 14.2
     Noise Model (P372) Ver 14.3
     Analysis Prepared  Fri Sep 25 19:30:02 2026

---------------------------------------------------------------------------

***************************** P533 Input Parameters ****************************

	Digital modulation: Moscow to Birmingham
	Year          : 2018
	Month         : May
	Hour          : 2 (hour UTC)
	SSN (R12)     : 10
	Distance      : 2562.104539 (km)
	dmax          : 4000.000000 (km)
	Tx power      : 13.000000
	Tx Location     Moscow
	Tx latitude   :  55.750000 N
	Tx longitude  :  37.580000 E
	Rx Location     Birmingham
	Rx latitude   :  52.486200 N
	Rx longitude  :   1.890400 W
	local time Rx : 2 (hour UTC)
	local time Tx : 4 (hour UTC)
	Frequency     : 9.000000
	Bandwidth     : 3000.000000
	Modulation : DIGITAL
	Required signal-to-noise ratio : 17.000000
	Required % of month signal-to-noise ratio :  90
	Required signal-to-interference ratio : 10.000000
	Man-made noise : RESIDENTIAL
	Frequency dispersion for simple BCR (F0) : 1.000000
	Time spread for simple BCR (T0) : 0.500000
	Required Amplitude ratio (A) : 3.000000
	Time window (usec) : 1.000000
	Frequency window (Hz) : 10.000000
	Antenna configuration : Transmitter main beam to receiver main beam
	Path Direction : SHORTPATH
	Transmit antenna               ISOTROPIC
	Transmit antenna bearing     : 278.500401
	Transmit antenna gain offset : 0.000000
	Receive antenna                ISOTROPIC
	Receive antenna bearing      : 66.073351
	Receive antenna gain offset  : 0.000000

************************ End P533 Input Parameters *****************************

************************** ITURHFP Input Parameters *****************************

	Upper left (North West) latitude   :  52.486200 N
	Upper left (North West) longitude  :   1.890400 W
	Lower right (South East) latitude  :  52.486200 N
	Lower right (South East) longitude :   1.890400 W
	Number of frequencies : 1
	Number of hours       : 4
	Number of months      : 1
	Latitude increment    : 1.000000 (deg)
	Longitude increment   : 1.000000 (deg)

************************** ITURHFP Input Parameters *****************************

******************************** Data Format ***********************************

Column 01: Month
Column 02: Hour
Column 03: Frequency (MHz)
Column 04: D - Path distance (km)
Column 05: Pr - Median receiver power (dB)
Column 06: SNR - Median signal-to-noise ratio (dB)
Column 07: SIR - Signal-to-interference ratio (dB)
Column 08: RSN - Probability that the required SNR is achieved (%)
Column 09: RT - Probability that the required time spread T0 is not exceeded (%)
Column 10: RF - Probability that the required frequency spread f0 is not exceeded (%)
Column 11: BCR - Basic circuit reliability (%)
Column 12: OCR - Overall circuit reliability not considering scattering (%)
Column 13: OCRs - Overall circuit reliability considering scattering (%)
Column 14: Probocc - Probability of scattering (%)
Column 15: MIR - Multimode Interference (%)
Column 16: Dominant mode
Column 17: Dominant mode - Elevation angle (deg)
Column 18: Dominant mode - Delay (mS)
Column 19: Dominant mode - Loss (dB)
Column 20: Dominant mode - Propagation probability (%)
Column 21: Dominant mode - Virtual height (km)
Column 22: Dominant mode - Median received power (dB)
Column 23: Dominant mode - Receiver Antenna Gain (dBi)
Column 24: Dominant mode - Field Strength (dB(1uV/m))
Column 25: Dominant mode - Basic MUF (MHz)

************************** End Data Format ********************************

************************ Calculated Parameters ****************************

05, 02,    9.000,  2562.10, -91.16,  31.20, 307.00,  85.02, 100.00, 100.00,  85.02,  85.02,  85.02,   0.00, 100.00,  1F2 ,   8.08,   9.28, 133.59,   0.47, 435.13, -91.19,   0.00,  35.09,   8.94
05, 08,    9.000,  2562.10,-102.10,  19.36, 307.00,  60.65, 100.00,   0.00,  60.65,  60.65,  60.65,   0.00, 100.00,  2F2 ,  22.27,   9.93, 145.97,   0.85, 348.12,-103.57,   0.00,  22.72,  10.43
05, 14,    9.000,  2562.10,-104.85,  15.84, 307.00,  41.26, 100.00,   0.00,  41.26,  41.26,  41.26,   0.00, 100.00,  2F2 ,  22.25,   9.92, 149.06,   0.84, 347.68,-106.66,   0.00,  19.62,  10.09
05, 20,    9.000,  2562.10, -90.08,  31.54, 307.00,  89.41, 100.00,   0.00,  89.41,  89.41,  89.41,   0.00, 100.00,  1F2 ,   6.88,   8.82, 134.64,   1.00, 228.99, -92.24,   0.00,  34.05,  15.42

**************************End Calculated Parameters ***********************

