---------------------------------------------------------------------------
 International Telecommunications Union - Radiocommunication Sector (ITU-R)
     ITURHFProp         Ver Sep 24 2026
     HF Model (P533)    Ver 14.2
     Noise Model (P372) Ver 14.3
     Analysis Prepared  Fri Sep 25 10:33:05 2026

---------------------------------------------------------------------------

***************************** P533 Input Parameters ****************************

	Digital modulation, equatorial scattering: Lagos to Djibouti
	Year          : 2018
	Month         : May
	Hour          : 1 (hour UTC)
	SSN (R12)     : 60
	Distance      : 4398.786385 (km)
	dmax          : 4000.000000 (km)
	Tx power      : 13.000000
	Tx Location     Lagos
	Tx latitude   :   6.450000 N
	Tx longitude  :   3.400000 E
	Rx Location     Djibouti
	Rx latitude   :  11.590000 N
	Rx longitude  :  43.150000 E
	local time Rx : 3 (hour UTC)
	local time Tx : 1 (hour UTC)
	Frequency     : 9.000000
	Bandwidth     : 3000.000000
	Modulation : DIGITAL
	Required signal-to-noise ratio : 17.000000
	Required % of month signal-to-noise ratio :  90
	Required signal-to-interference ratio : -20.000000
	Man-made noise : RESIDENTIAL
	Frequency dispersion for simple BCR (F0) : 1.000000
	Time spread for simple BCR (T0) : 0.500000
	Required Amplitude ratio (A) : 20.000000
	Time window (usec) : 1.000000
	Frequency window (Hz) : 1.000000
	Antenna configuration : Transmitter main beam to receiver main beam
	Path Direction : SHORTPATH
	Transmit antenna               ISOTROPIC
	Transmit antenna bearing     : 79.594560
	Transmit antenna gain offset : 0.000000
	Receive antenna                ISOTROPIC
	Receive antenna bearing      : 266.088720
	Receive antenna gain offset  : 0.000000

************************ End P533 Input Parameters *****************************

************************** ITURHFP Input Parameters *****************************

	Upper left (North West) latitude   :  11.590000 N
	Upper left (North West) longitude  :  43.150000 E
	Lower right (South East) latitude  :  11.590000 N
	Lower right (South East) longitude :  43.150000 E
	Number of frequencies : 1
	Number of hours       : 12
	Number of months      : 1
	Latitude increment    : 1.000000 (deg)
	Longitude increment   : 1.000000 (deg)

************************** ITURHFP Input Parameters *****************************

******************************** Data Format ***********************************

Column 01: Month
Column 02: Hour
Column 03: Frequency (MHz)
Column 04: D - Path distance (km)
Column 05: Pr - Median receiver power (dB)
Column 06: SNR - Median signal-to-noise ratio (dB)
Column 07: SIR - Signal-to-interference ratio (dB)
Column 08: RSN - Probability that the required SNR is achieved (%)
Column 09: RT - Probability that the required time spread T0 is not exceeded (%)
Column 10: RF - Probability that the required frequency spread f0 is not exceeded (%)
Column 11: BCR - Basic circuit reliability (%)
Column 12: OCR - Overall circuit reliability not considering scattering (%)
Column 13: OCRs - Overall circuit reliability considering scattering (%)
Column 14: Probocc - Probability of scattering (%)
Column 15: MIR - Multimode Interference (%)
Column 16: Dominant mode
Column 17: Dominant mode - Elevation angle (deg)
Column 18: Dominant mode - Delay (mS)
Column 19: Dominant mode - Loss (dB)
Column 20: Dominant mode - Propagation probability (%)
Column 21: Dominant mode - Virtual height (km)
Column 22: Dominant mode - Median received power (dB)
Column 23: Dominant mode - Receiver Antenna Gain (dBi)
Column 24: Dominant mode - Field Strength (dB(1uV/m))
Column 25: Dominant mode - Basic MUF (MHz)

************************** End Data Format ********************************

************************ Calculated Parameters ****************************

05, 01,    9.000,  4398.79, -90.75,  27.26, -15.29,  83.18, 100.00,   0.00,  83.18,  76.65,  62.21,  18.85,  92.16,  2F2 ,   8.95,  15.19, 136.42,   1.00, 219.92, -94.02,   0.00,  32.27,  16.22
05, 03,    9.000,  4398.79, -91.87,  28.65,  -5.02,  84.94, 100.00,   0.00,  84.94,  84.94,  68.93,  18.85, 100.00,  2F2 ,   8.69,  15.31, 136.42,   0.87, 251.06, -94.02,   0.00,  32.27,  13.17
05, 05,    9.000,  4398.79, -93.87,  26.29, -16.24,  80.37, 100.00,   0.00,  80.37,  72.78,  65.32,  10.26,  90.56,  2F2 ,   8.93,  15.12, 139.91,   0.99, 199.99, -97.51,   0.00,  28.77,  17.58
05, 07,    9.000,  4398.79,-107.62,  14.18, -14.98,  31.50, 100.00,   0.00,  31.50,  31.50,  31.49,   0.05, 100.00,  2F2 ,  10.61,  15.40, 151.85,   1.00, 272.35,-109.45,   0.00,  16.84,  26.40
05, 09,    9.000,  4398.79,-118.84,   2.19, -16.82,   1.10, 100.00,   0.00,   1.10,   1.10,   1.10,   0.00, 100.00,  2F2 ,  15.87,  16.50, 162.96,   1.00, 481.10,-120.56,   0.00,   5.73,  23.18
05, 11,    9.000,  4398.79,-124.11,  -2.18, -10.35,   0.00, 100.00,   0.00,   0.00,   0.00,   0.00,   0.00, 100.00,  2F2 ,  15.53,  16.74, 166.99,   1.00, 518.71,-124.59,   0.00,   1.69,  23.53
05, 13,    9.000,  4398.79,-121.86,  -2.06, -13.09,   0.00, 100.00,   0.00,   0.00,   0.00,   0.00,   0.00, 100.00,  2F2 ,  15.49,  16.60, 165.07,   1.00, 498.14,-122.67,   0.00,   3.61,  23.49
05, 15,    9.000,  4398.79,-112.24,   6.46, -15.60,   9.69, 100.00,   0.00,   9.69,   9.69,   9.69,   0.00, 100.00,  2F2 ,  14.26,  15.84, 157.27,   1.00, 364.82,-114.87,   0.00,  11.42,  26.56
05, 17,    9.000,  4398.79, -97.59,  18.61, -16.48,  57.92, 100.00,   0.00,  57.92,  57.92,  57.92,   0.00, 100.00,  2F2 ,  12.24,  15.15, 143.91,   1.00, 207.77,-101.51,   0.00,  24.78,  27.61
05, 19,    9.000,  4398.79, -90.79,  25.48, -15.93,  80.82, 100.00,   0.00,  80.82,  74.10,  60.13,  18.85,  91.68,  2F2 ,  12.25,  15.17, 136.56,   1.00, 213.56, -94.16,   0.00,  32.12,  22.51
05, 21,    9.000,  4398.79, -90.64,  26.15, -16.04,  82.06, 100.00,   0.00,  82.06,  73.64,  59.76,  18.85,  89.74,  2F2 ,  11.60,  15.20, 136.47,   1.00, 221.22, -94.07,   0.00,  32.22,  20.60
05, 23,    9.000,  4398.79, -90.52,  26.85, -16.25,  83.24, 100.00,   0.00,  83.24,  72.76,  59.05,  18.85,  87.42,  2F2 ,   9.93,  15.19, 136.43,   1.00, 218.22, -94.03,   0.00,  32.25,  18.91

**************************End Calculated Parameters ***********************

