---------------------------------------------------------------------------
 International Telecommunications Union - Radiocommunication Sector (ITU-R)
     ITURHFProp         Ver Sep 25 2026
     HF Model (P533)    Ver 14.2
     Noise Model (P372) Ver 14.3
     Analysis Prepared  Fri Sep 25 21:18:01 2026

---------------------------------------------------------------------------

***************************** P533 Input Parameters ****************************

	Digital modulation, multimode interference: Moscow to Birmingham
	Year          : 2018
	Month         : May
	Hour          : 2 (hour UTC)
	SSN (R12)     : 10
	Distance      : 2562.100918 (km)
	dmax          : 4000.000000 (km)
	Tx power      : 13.000000
	Tx Location     Moscow
	Tx latitude   :  55.750000 N
	Tx longitude  :  37.580000 E
	Rx Location     Birmingham
	Rx latitude   :  52.486200 N
	Rx longitude  :   1.890400 W
	local time Rx : 2 (hour UTC)
	local time Tx : 4 (hour UTC)
	Frequency     : 9.000000
	Bandwidth     : 3000.000000
	Modulation : DIGITAL
	Required signal-to-noise ratio : 17.000000
	Required % of month signal-to-noise ratio :  90
	Required signal-to-interference ratio : -20.000000
	Man-made noise : RESIDENTIAL
	Frequency dispersion for simple BCR (F0) : 1.000000
	Time spread for simple BCR (T0) : 0.500000
	Required Amplitude ratio (A) : 6.000000
	Time window (usec) : 0.100000
	Frequency window (Hz) : 10.000000
	Antenna configuration : Transmitter main beam to receiver main beam
	Path Direction : SHORTPATH
	Transmit antenna               ISOTROPIC
	Transmit antenna bearing     : 278.500401
	Transmit antenna gain offset : 0.000000
	Receive antenna                ISOTROPIC
	Receive antenna bearing      : 66.073351
	Receive antenna gain offset  : 0.000000

************************ End P533 Input Parameters *****************************

************************** ITURHFP Input Parameters *****************************

	Upper left (North West) latitude   :  52.486200 N
	Upper left (North West) longitude  :   1.890400 W
	Lower right (South East) latitude  :  52.486200 N
	Lower right (South East) longitude :   1.890400 W
	Number of frequencies : 1
	Number of hours       : 8
	Number of months      : 1
	Latitude increment    : 1.000000 (deg)
	Longitude increment   : 1.000000 (deg)

************************** ITURHFP Input Parameters *****************************

******************************** Data Format ***********************************

Column 01: Month
Column 02: Hour
Column 03: Frequency (MHz)
Column 04: D - Path distance (km)
Column 05: Pr - Median receiver power (dB)
Column 06: SNR - Median signal-to-noise ratio (dB)
Column 07: SIR - Signal-to-interference ratio (dB)
Column 08: RSN - Probability that the required SNR is achieved (%)
Column 09: RT - Probability that the required time spread T0 is not exceeded (%)
Column 10: RF - Probability that the required frequency spread f0 is not exceeded (%)
Column 11: BCR - Basic circuit reliability (%)
Column 12: OCR - Overall circuit reliability not considering scattering (%)
Column 13: OCRs - Overall circuit reliability considering scattering (%)
Column 14: Probocc - Probability of scattering (%)
Column 15: MIR - Multimode Interference (%)
Column 16: Dominant mode
Column 17: Dominant mode - Elevation angle (deg)
Column 18: Dominant mode - Delay (mS)
Column 19: Dominant mode - Loss (dB)
Column 20: Dominant mode - Propagation probability (%)
Column 21: Dominant mode - Virtual height (km)
Column 22: Dominant mode - Median received power (dB)
Column 23: Dominant mode - Receiver Antenna Gain (dBi)
Column 24: Dominant mode - Field Strength (dB(1uV/m))
Column 25: Dominant mode - Basic MUF (MHz)

************************** End Data Format ********************************

************************ Calculated Parameters ****************************

05, 02,    9.000,  2562.10, -91.16,  31.20, 307.00,  85.02, 100.00, 100.00,  85.02,  85.02,  85.02,   0.00, 100.00,  1F2 ,   8.08,   9.28, 133.59,   0.47, 435.13, -91.19,   0.00,  35.10,   8.94
05, 05,    9.000,  2562.10, -92.05,  29.34, 307.00,  85.65, 100.00,   0.00,  85.65,  85.65,  85.65,   0.00, 100.00,  1F2 ,   7.43,   9.11, 135.72,   1.00, 365.64, -93.32,   0.00,  32.96,  12.38
05, 08,    9.000,  2562.10,-102.09,  14.56, -10.83,  33.50, 100.00,   0.00,  33.50,  33.50,  33.50,   0.00, 100.00,  2F2 ,  22.27,   9.93, 145.95,   0.85, 348.12,-103.55,   0.00,  22.74,  10.43
05, 11,    9.000,  2562.10,-106.81,  11.37,  -8.55,  20.01, 100.00,   0.00,  20.01,  20.01,  20.01,   0.00, 100.00,  2F2 ,  22.21,   9.92, 151.44,   0.89, 346.58,-109.04,   0.00,  17.25,  10.59
05, 14,    9.000,  2562.10,-104.85,  12.45,  -9.38,  24.02, 100.00,   0.00,  24.02,  24.02,  24.02,   0.00, 100.00,  2F2 ,  22.25,   9.92, 149.07,   0.84, 347.68,-106.67,   0.00,  19.61,  10.09
05, 17,    9.000,  2562.10,-100.58,  19.91, 307.00,  62.68, 100.00,   0.00,  62.68,  62.68,  62.68,   0.00, 100.00,  2F2 ,  21.35,   9.75, 144.34,   0.94, 321.01,-101.94,   0.00,  24.34,  10.95
05, 20,    9.000,  2562.10, -90.09,  29.53,  -3.68,  86.44, 100.00,   0.00,  86.44,  86.44,  86.44,   0.00, 100.00,  1F2 ,   6.88,   8.82, 134.65,   1.00, 228.99, -92.25,   0.00,  34.04,  15.42
05, 23,    9.000,  2562.10, -88.72,  33.42, 307.00,  88.91, 100.00,   0.00,  88.91,  88.91,  88.91,   0.00, 100.00,  1F2 ,   7.51,   9.12, 131.17,   0.74, 371.78, -88.77,   0.00,  37.51,  10.18

**************************End Calculated Parameters ***********************

