---------------------------------------------------------------------------
 International Telecommunications Union - Radiocommunication Sector (ITU-R)
     ITURHFProp         Ver Sep 25 2026
     HF Model (P533)    Ver 14.2
     Noise Model (P372) Ver 14.3
     Analysis Prepared  Fri Sep 25 21:18:01 2026

---------------------------------------------------------------------------

***************************** P533 Input Parameters ****************************

	E-mode lowest order at 1870 km: Madrid to Berlin
	Year          : 2018
	Month         : June
	Hour          : 1 (hour UTC)
	SSN (R12)     : 60
	Distance      : 1868.405235 (km)
	dmax          : 4000.000000 (km)
	Tx power      : 0.000000
	Tx Location     Madrid
	Tx latitude   :  40.420000 N
	Tx longitude  :   3.700000 W
	Rx Location     Berlin
	Rx latitude   :  52.520000 N
	Rx longitude  :  13.400000 E
	local time Rx : 1 (hour UTC)
	local time Tx : 1 (hour UTC)
	Frequency     : 7.000000
	Bandwidth     : 3000.000000
	Modulation : ANALOG
	Required signal-to-noise ratio : 10.000000
	Required % of month signal-to-noise ratio :  90
	Required signal-to-interference ratio : 0.000000
	Man-made noise : RURAL
	Antenna configuration : Transmitter main beam to receiver main beam
	Path Direction : SHORTPATH
	Transmit antenna               ISOTROPIC
	Transmit antenna bearing     : 38.237480
	Transmit antenna gain offset : 0.000000
	Receive antenna                ISOTROPIC
	Receive antenna bearing      : 230.748084
	Receive antenna gain offset  : 0.000000

************************ End P533 Input Parameters *****************************

************************** ITURHFP Input Parameters *****************************

	Upper left (North West) latitude   :  52.520000 N
	Upper left (North West) longitude  :  13.400000 E
	Lower right (South East) latitude  :  52.520000 N
	Lower right (South East) longitude :  13.400000 E
	Number of frequencies : 1
	Number of hours       : 12
	Number of months      : 1
	Latitude increment    : 1.000000 (deg)
	Longitude increment   : 1.000000 (deg)

************************** ITURHFP Input Parameters *****************************

******************************** Data Format ***********************************

Column 01: Month
Column 02: Hour
Column 03: Frequency (MHz)
Column 04: D - Path distance (km)
Column 05: BMUF - Path basic MUF (MHz)
Column 06: Lowest order mode for the E layer
Column 07: E - Path Field Strength (dB(1uV/m))
Column 08: SNR - Median signal-to-noise ratio (dB)
Column 09: Dominant mode
Column 10: Dominant mode - Elevation angle (deg)
Column 11: Dominant mode - Delay (mS)
Column 12: Dominant mode - Loss (dB)
Column 13: Dominant mode - Propagation probability (%)
Column 14: Dominant mode - Virtual height (km)
Column 15: Dominant mode - Median received power (dB)
Column 16: Dominant mode - Receiver Antenna Gain (dBi)
Column 17: Dominant mode - Field Strength (dB(1uV/m))
Column 18: Dominant mode - Basic MUF (MHz)

************************** End Data Format ********************************

************************ Calculated Parameters ****************************

06, 01,    7.000,  1868.41,  11.82,   1E ,  28.02,  20.67,  1F2 ,  15.47,   0.00, 127.38,   1.00, 259.60, -97.98,   0.00,  26.12,  11.82
06, 03,    7.000,  1868.41,  10.80,   1E ,  28.70,  23.46,  1F2 ,  15.60,   0.00, 126.47,   1.00, 279.56, -97.07,   0.00,  27.03,  10.80
06, 05,    7.000,  1868.41,  12.87,   1E ,  28.70,  27.46,  1F2 ,  14.66,   0.00, 129.42,   1.00, 342.28,-100.02,   0.00,  24.08,  12.87
06, 07,    7.000,  1868.41,  15.56,   1E ,  20.32,  19.36,   1E ,   2.45,   0.00, 134.97,   1.00, 110.00,-105.57,   0.00,  18.53,  13.70
06, 09,    7.000,  1868.41,  16.71,   1E ,  12.54,  13.49,   1E ,   2.45,   0.00, 141.48,   1.00, 110.00,-112.08,   0.00,  12.02,  16.71
06, 11,    7.000,  1868.41,  18.23,   1E ,   7.55,   8.01,   1E ,   2.45,   0.00, 146.12,   1.00, 110.00,-116.72,   0.00,   7.39,  18.23
06, 13,    7.000,  1868.41,  18.63,   1E ,   5.96,   6.65,   1E ,   2.45,   0.00, 147.66,   1.00, 110.00,-118.26,   0.00,   5.84,  18.63
06, 15,    7.000,  1868.41,  17.97,   1E ,   8.15,   7.07,   1E ,   2.45,   0.00, 145.59,   1.00, 110.00,-116.19,   0.00,   7.91,  17.97
06, 17,    7.000,  1868.41,  16.14,   1E ,  12.35,  10.01,   1E ,   2.45,   0.00, 141.95,   1.00, 110.00,-112.55,   0.00,  11.55,  16.14
06, 19,    7.000,  1868.41,  17.47,   1E ,  20.05,  14.62,   1E ,   2.45,   0.00, 135.72,   1.00, 110.00,-106.32,   0.00,  17.79,  12.63
06, 21,    7.000,  1868.41,  16.56,   1E ,  28.56,  21.48,  1F2 ,  14.17,   0.00, 129.10,   1.00, 197.80, -99.70,   0.00,  24.40,  16.56
06, 23,    7.000,  1868.41,  13.93,   1E ,  28.67,  21.34,  1F2 ,  14.80,   0.00, 127.36,   1.00, 222.61, -97.96,   0.00,  26.15,  13.93

**************************End Calculated Parameters ***********************

