---------------------------------------------------------------------------
 International Telecommunications Union - Radiocommunication Sector (ITU-R)
     ITURHFProp         Ver Sep 24 2026
     HF Model (P533)    Ver 14.2
     Noise Model (P372) Ver 14.3
     Analysis Prepared  Thu Sep 24 16:57:21 2026

---------------------------------------------------------------------------

**********************************************************
*      DumpPathData - p533() Path data structure         *
**********************************************************
**********************************************************
*                 Input Parameters                       *
**********************************************************
	KRANJI       - BEIJING     
	Year = 1981
	Month = January
	Hour  = 2 (hour UTC)
	SSN (R12) = 140
	Tx power =  0.000 (dB(1kW))
	Tx Location KRANJI      
	Tx latitude  =  0.025 ( 1.420) [ 1 25 11]
	Tx longitude =  1.810 ( 103.730) [ 103 43 47]
	Rx Location BEIJING     
	Rx latitude  =  0.698 ( 40.000) [ 39 59 59]
	Rx longitude =  2.032 ( 116.400) [ 116 23 59]
	local time Rx   =  9 
	local time Tx   =  8 
	Frequency =  6.200 (MHz)
	Bandwidth =  1000.000 (Hz)
	Short or Long Path = Short
	Modulation = ANALOG
	Required signal-to-noise ratio =  10.000
	Required Reliability (%) =  1
	Required signal-to-interference ratio =  0.000
	Man-made noise = RURAL
	Antenna configuration: Transmitter main beam to receiver main beam
	Transmit antenna ISOTROPIC
	Transmit antenna bearing = 15.150755
	Transmit antenna gain offset = 0.000000
	Receive antenna  AHRS-4-1-0.5 ([201] Centre-fed at 6.0 MH
	Receive antenna bearing = 199.927243
	Receive antenna gain offset = 0.000000
**********************************************************
*                 Calculated Parameters                  *
**********************************************************
****************** Distances (km) ************************
	distance =  4477.003
	slant range =  6298.566
	dmax     =  4000.000
************ Maximum Usable Frequencies (MHz) ************
	basic MUF       =  31.218
	10% MUF         =  34.964
	50% MUF         =  31.218
	90% MUF         =  27.784
	Operational MUF =  37.462
	10% OPMUF       =  41.957
	90% OPMUF       =  33.341
********* Lowest Order and Dominant Mode *****************
	lowest order F2 layer mode =  2
	lowest order E layer mode = No Mode
	Dominant mode: F2 layer mode 2
************************ Season ***************************
	season = Winter
****** Field Strength (dB(1 uV/m)) and Rx Power (dBW) *****
	Field Strength (7000 km > D)           = -8.633
	Field Strength (7000 km < D < 9000 km) = -307.000
	Field Strength           (D > 9000 km) = -307.000
	Median Rx power = -121.845
**************** Rx Elevation Angle (degs)****************
	Rx Elevation angle =  9.996
***************** Short Path Parameters *******************
	"Not otherwise included loss" (dB) =  8.720
***************** Noise Parameters (dB) *******************
	Atmospheric noise upper decile =  8.590
	Atmospheric noise lower decile =  7.214
	Atmospheric noise              =  25.823
	Man made noise upper decile    =  9.200
	Man made noise lower decile    =  4.600
	Man made noise                 =  45.251
	Galactic noise upper decile    =  2.000
	Galactic noise lower decile    =  2.000
	Galactic noise                 =  33.775
	Total noise upper decile       =  9.110
	Total noise lower decile       =  4.372
	Total noise                    =  45.490
********************** SNR Parameters (dB) *************************************
	Monthly median resultant signal-to-noise ratio =  6.560
	Upper decile deviation signal-to-noise ratio   =  8.960
	Lower decile deviation signal-to-noise ratio   =  14.430
	Signal-to-noise exceeded for 1% of the month  =  22.825
********************** SIR Parameters (dB) *************************************
	Signal-to-interference ratio = -307.000
	Upper decile deviation of the signal-to-interference ratio = -307.000
	Lower decile deviation of the signal-to-interference ratio = -307.000
******************** Reliability Parameters (%) *******************************
	Basic Circuit Reliability                      =  27.806
	Multimode Interference                         = -307.000
	Overall Circuit Reliability without scattering =  0.000
	Overall Circuit Reliability with scattering    =  0.000
	Probability of scattering                      =  0.000
	Probability required SNR is achieved                      =  0.000
	Probability required time spread T0 is not exceeded       =  0.000
	Probability required frequency spread f0 is not exceeded  =  0.000
**********************************************************
*                      F2 Mode 1                         *
**********************************************************
	basic MUF  =  0.000 (MHz)
	10% MUF    =  0.000 (MHz)
	50% MUF    =  0.000 (MHz)
	90% MUF    =  0.000 (MHz)
	OPMUF      =  0.000 (MHz)
	10% OPMUF  =  0.000 (MHz)
	90% OPMUF  =  0.000 (MHz)
	Fprob        =  0.000 (%)
	Lower decile =  0.000
	Upper decile =  0.000
	E Layer Screen Frequency  =  0.000 (MHz)
	Basic Loss (< 7000 km)    =  307.000 (dB)
	Median Field Strength     = -307.000 (dB(1 uV/m))
	Receiver Power            = -307.000 (dBW)
	Delay                     =  0.000 (mS)
	Elevation angle   =  0.000 (degs)
	Reflection height =  0.000 (km)
	Receiver Gain = -307.000 (dBi)
**********************************************************
*                      F2 Mode 2                         *
**********************************************************
	basic MUF  =  31.218 (MHz)
	10% MUF    =  34.964 (MHz)
	50% MUF    =  31.218 (MHz)
	90% MUF    =  27.784 (MHz)
	OPMUF      =  37.462 (MHz)
	10% OPMUF  =  41.957 (MHz)
	90% OPMUF  =  33.341 (MHz)
	Fprob        =  1.000 (%)
	Lower decile =  0.890
	Upper decile =  1.120
	E Layer Screen Frequency  =  0.000 (MHz)
	Basic Loss (< 7000 km)    =  161.179 (dB)
	Median Field Strength     = -8.731 (dB(1 uV/m))
	Receiver Power            = -122.071 (dBW)
	Delay                     =  0.000 (mS)
	Elevation angle   =  9.996 (degs)
	Reflection height =  187.016 (km)
	Receiver Gain =  9.708 (dBi)
**********************************************************
*                      F2 Mode 3                         *
**********************************************************
	basic MUF  =  24.339 (MHz)
	10% MUF    =  27.260 (MHz)
	50% MUF    =  24.339 (MHz)
	90% MUF    =  21.662 (MHz)
	OPMUF      =  29.207 (MHz)
	10% OPMUF  =  32.712 (MHz)
	90% OPMUF  =  25.994 (MHz)
	Fprob        =  1.000 (%)
	Lower decile =  0.890
	Upper decile =  1.120
	E Layer Screen Frequency  =  0.000 (MHz)
	Basic Loss (< 7000 km)    =  177.648 (dB)
	Median Field Strength     = -25.200 (dB(1 uV/m))
	Receiver Power            = -134.862 (dBW)
	Delay                     =  0.000 (mS)
	Elevation angle   =  18.609 (degs)
	Reflection height =  187.016 (km)
	Receiver Gain =  13.386 (dBi)
**********************************************************
*                      F2 Mode 4                         *
**********************************************************
	basic MUF  =  20.316 (MHz)
	10% MUF    =  22.754 (MHz)
	50% MUF    =  20.316 (MHz)
	90% MUF    =  18.081 (MHz)
	OPMUF      =  24.379 (MHz)
	10% OPMUF  =  27.304 (MHz)
	90% OPMUF  =  21.697 (MHz)
	Fprob        =  1.000 (%)
	Lower decile =  0.890
	Upper decile =  1.120
	E Layer Screen Frequency  =  0.000 (MHz)
	Basic Loss (< 7000 km)    =  200.050 (dB)
	Median Field Strength     = -47.602 (dB(1 uV/m))
	Receiver Power            = -156.522 (dBW)
	Delay                     =  0.000 (mS)
	Elevation angle   =  25.764 (degs)
	Reflection height =  187.016 (km)
	Receiver Gain =  14.128 (dBi)
**********************************************************
*                      F2 Mode 5                         *
**********************************************************
	basic MUF  =  17.904 (MHz)
	10% MUF    =  20.052 (MHz)
	50% MUF    =  17.904 (MHz)
	90% MUF    =  15.934 (MHz)
	OPMUF      =  21.484 (MHz)
	10% OPMUF  =  24.063 (MHz)
	90% OPMUF  =  19.121 (MHz)
	Fprob        =  1.000 (%)
	Lower decile =  0.890
	Upper decile =  1.120
	E Layer Screen Frequency  =  0.000 (MHz)
	Basic Loss (< 7000 km)    =  202.395 (dB)
	Median Field Strength     = -49.948 (dB(1 uV/m))
	Receiver Power            = -159.275 (dBW)
	Delay                     =  0.000 (mS)
	Elevation angle   =  31.914 (degs)
	Reflection height =  189.461 (km)
	Receiver Gain =  13.720 (dBi)
**********************************************************
*                      F2 Mode 6                         *
**********************************************************
	basic MUF  =  16.378 (MHz)
	10% MUF    =  18.344 (MHz)
	50% MUF    =  16.378 (MHz)
	90% MUF    =  14.577 (MHz)
	OPMUF      =  19.654 (MHz)
	10% OPMUF  =  22.013 (MHz)
	90% OPMUF  =  17.492 (MHz)
	Fprob        =  1.000 (%)
	Lower decile =  0.890
	Upper decile =  1.120
	E Layer Screen Frequency  =  0.000 (MHz)
	Basic Loss (< 7000 km)    =  201.077 (dB)
	Median Field Strength     = -48.629 (dB(1 uV/m))
	Receiver Power            = -158.953 (dBW)
	Delay                     =  0.000 (mS)
	Elevation angle   =  37.236 (degs)
	Reflection height =  194.895 (km)
	Receiver Gain =  12.723 (dBi)
**********************************************************
*                      F2 Mode 7                         *
**********************************************************
	basic MUF  =  15.365 (MHz)
	10% MUF    =  17.208 (MHz)
	50% MUF    =  15.365 (MHz)
	90% MUF    =  13.675 (MHz)
	OPMUF      =  18.438 (MHz)
	10% OPMUF  =  20.650 (MHz)
	90% OPMUF  =  16.409 (MHz)
	Fprob        =  1.000 (%)
	Lower decile =  0.890
	Upper decile =  1.120
	E Layer Screen Frequency  =  0.000 (MHz)
	Basic Loss (< 7000 km)    =  204.302 (dB)
	Median Field Strength     = -51.855 (dB(1 uV/m))
	Receiver Power            = -163.466 (dBW)
	Delay                     =  0.000 (mS)
	Elevation angle   =  41.849 (degs)
	Reflection height =  202.358 (km)
	Receiver Gain =  11.437 (dBi)
**********************************************************
*                      F2 Mode 8                         *
**********************************************************
	basic MUF  =  0.000 (MHz)
	10% MUF    =  0.000 (MHz)
	50% MUF    =  0.000 (MHz)
	90% MUF    =  0.000 (MHz)
	OPMUF      =  0.000 (MHz)
	10% OPMUF  =  0.000 (MHz)
	90% OPMUF  =  0.000 (MHz)
	Fprob        =  0.000 (%)
	Lower decile =  0.000
	Upper decile =  0.000
	E Layer Screen Frequency  =  0.000 (MHz)
	Basic Loss (< 7000 km)    =  307.000 (dB)
	Median Field Strength     = -307.000 (dB(1 uV/m))
	Receiver Power            = -307.000 (dBW)
	Delay                     =  0.000 (mS)
	Elevation angle   =  0.000 (degs)
	Reflection height =  209.845 (km)
	Receiver Gain = -307.000 (dBi)
**********************************************************
*                      F2 Mode 9                         *
**********************************************************
	basic MUF  =  0.000 (MHz)
	10% MUF    =  0.000 (MHz)
	50% MUF    =  0.000 (MHz)
	90% MUF    =  0.000 (MHz)
	OPMUF      =  0.000 (MHz)
	10% OPMUF  =  0.000 (MHz)
	90% OPMUF  =  0.000 (MHz)
	Fprob        =  0.000 (%)
	Lower decile =  0.000
	Upper decile =  0.000
	E Layer Screen Frequency  =  0.000 (MHz)
	Basic Loss (< 7000 km)    =  307.000 (dB)
	Median Field Strength     = -307.000 (dB(1 uV/m))
	Receiver Power            = -307.000 (dBW)
	Delay                     =  0.000 (mS)
	Elevation angle   =  0.000 (degs)
	Reflection height =  216.639 (km)
	Receiver Gain = -307.000 (dBi)
**********************************************************
*                      F2 Mode 10                         *
**********************************************************
	basic MUF  =  0.000 (MHz)
	10% MUF    =  0.000 (MHz)
	50% MUF    =  0.000 (MHz)
	90% MUF    =  0.000 (MHz)
	OPMUF      =  0.000 (MHz)
	10% OPMUF  =  0.000 (MHz)
	90% OPMUF  =  0.000 (MHz)
	Fprob        =  0.000 (%)
	Lower decile =  0.000
	Upper decile =  0.000
	E Layer Screen Frequency  =  0.000 (MHz)
	Basic Loss (< 7000 km)    =  307.000 (dB)
	Median Field Strength     = -307.000 (dB(1 uV/m))
	Receiver Power            = -307.000 (dBW)
	Delay                     =  0.000 (mS)
	Elevation angle   =  0.000 (degs)
	Reflection height =  222.563 (km)
	Receiver Gain = -307.000 (dBi)
**********************************************************
*                      F2 Mode 11                         *
**********************************************************
	basic MUF  =  0.000 (MHz)
	10% MUF    =  0.000 (MHz)
	50% MUF    =  0.000 (MHz)
	90% MUF    =  0.000 (MHz)
	OPMUF      =  0.000 (MHz)
	10% OPMUF  =  0.000 (MHz)
	90% OPMUF  =  0.000 (MHz)
	Fprob        =  0.000 (%)
	Lower decile =  0.000
	Upper decile =  0.000
	E Layer Screen Frequency  =  0.000 (MHz)
	Basic Loss (< 7000 km)    =  307.000 (dB)
	Median Field Strength     = -307.000 (dB(1 uV/m))
	Receiver Power            = -307.000 (dBW)
	Delay                     =  0.000 (mS)
	Elevation angle   =  0.000 (degs)
	Reflection height =  227.648 (km)
	Receiver Gain = -307.000 (dBi)
**********************************************************
*                       E Mode 1                         *
**********************************************************
	basic MUF  =  0.000 (MHz)
	10% MUF    =  0.000 (MHz)
	50% MUF    =  0.000 (MHz)
	90% MUF    =  0.000 (MHz)
	OPMUF      =  0.000 (MHz)
	10% OPMUF  =  0.000 (MHz)
	90% OPMUF  =  0.000 (MHz)
	Fprob        =  0.000 (%)
	Lower decile =  0.000
	Upper decile =  0.000
	Basic Loss (< 7000 km)    =  307.000 (dB)
	Median Field Strength     = -307.000 (dB(1 uV/m))
	Receiver Power            = -307.000 (dBW)
	Delay                     =  0.000 (mS)
	Elevation angle   =  0.000 (degs)
	Reflection height =  0.000 (km)
	Receiver Gain = -307.000 (dBi)
**********************************************************
*                       E Mode 2                         *
**********************************************************
	basic MUF  =  0.000 (MHz)
	10% MUF    =  0.000 (MHz)
	50% MUF    =  0.000 (MHz)
	90% MUF    =  0.000 (MHz)
	OPMUF      =  0.000 (MHz)
	10% OPMUF  =  0.000 (MHz)
	90% OPMUF  =  0.000 (MHz)
	Fprob        =  0.000 (%)
	Lower decile =  0.000
	Upper decile =  0.000
	Basic Loss (< 7000 km)    =  307.000 (dB)
	Median Field Strength     = -307.000 (dB(1 uV/m))
	Receiver Power            = -307.000 (dBW)
	Delay                     =  0.000 (mS)
	Elevation angle   =  0.000 (degs)
	Reflection height =  0.000 (km)
	Receiver Gain = -307.000 (dBi)
**********************************************************
*                       E Mode 3                         *
**********************************************************
	basic MUF  =  0.000 (MHz)
	10% MUF    =  0.000 (MHz)
	50% MUF    =  0.000 (MHz)
	90% MUF    =  0.000 (MHz)
	OPMUF      =  0.000 (MHz)
	10% OPMUF  =  0.000 (MHz)
	90% OPMUF  =  0.000 (MHz)
	Fprob        =  0.000 (%)
	Lower decile =  0.000
	Upper decile =  0.000
	Basic Loss (< 7000 km)    =  307.000 (dB)
	Median Field Strength     = -307.000 (dB(1 uV/m))
	Receiver Power            = -307.000 (dBW)
	Delay                     =  0.000 (mS)
	Elevation angle   =  0.000 (degs)
	Reflection height =  0.000 (km)
	Receiver Gain = -307.000 (dBi)
**********************************************************
*                       E Mode 4                         *
**********************************************************
	basic MUF  =  0.000 (MHz)
	10% MUF    =  0.000 (MHz)
	50% MUF    =  0.000 (MHz)
	90% MUF    =  0.000 (MHz)
	OPMUF      =  0.000 (MHz)
	10% OPMUF  =  0.000 (MHz)
	90% OPMUF  =  0.000 (MHz)
	Fprob        =  0.000 (%)
	Lower decile =  0.000
	Upper decile =  0.000
	Basic Loss (< 7000 km)    =  307.000 (dB)
	Median Field Strength     = -307.000 (dB(1 uV/m))
	Receiver Power            = -307.000 (dBW)
	Delay                     =  0.000 (mS)
	Elevation angle   =  0.000 (degs)
	Reflection height =  0.000 (km)
	Receiver Gain = -307.000 (dBi)
**********************************************************
*            Control Point   -      T + 1000             *
**********************************************************
	Latitude	=	 0.176	( 10.100)	[10 6 1]
	Longitude	=	 1.852	( 106.096)	[106 5 44]
	distance =  1000.000
	Magnetic dip (100 km)  =  2.403 (deg)
	Gyrofrequency (100 km) =  1.085 (MHz)
	Magnetic dip (300 km)  =  2.395 (deg)
	Gyrofrequency (300 km) =  0.980 (MHz)
	M(3000)F2 =  2.467
	foE   =  2.997 (MHz)
	foF2  =  12.023 (MHz)
	solar zenith angle =  67.868 (deg)
	solar declination  = -21.262 (deg)
	solar hour angle   = -61.319 (deg)
	equation of time   = -9.660 (minutes)
	local sunrise      =  23:17 (UTC)  6:17 (Local)
	local solar noon   =  5:05 (UTC)  12:05 (Local)
	local sunset       =  10:53 (UTC)  17:53 (Local)
	local time         =  1:00 (UTC)  8:00 (Local)
**********************************************************
*            Control Point   -      T + d0/2             *
**********************************************************
	Latitude	=	 0.194	( 11.135)	[11 8 4]
	Longitude	=	 1.857	( 106.384)	[106 23 3]
	distance =  1119.251
	Magnetic dip (100 km)  =  4.890 (deg)
	Gyrofrequency (100 km) =  1.088 (MHz)
	Magnetic dip (300 km)  =  4.862 (deg)
	Gyrofrequency (300 km) =  0.982 (MHz)
	M(3000)F2 =  2.495
	foE   =  2.986 (MHz)
	foF2  =  12.461 (MHz)
	solar zenith angle =  68.109 (deg)
	solar declination  = -21.262 (deg)
	solar hour angle   = -61.031 (deg)
	equation of time   = -9.660 (minutes)
	local sunrise      =  23:18 (UTC)  6:18 (Local)
	local solar noon   =  5:04 (UTC)  12:04 (Local)
	local sunset       =  10:50 (UTC)  17:50 (Local)
	local time         =  1:00 (UTC)  8:00 (Local)
**********************************************************
*            Control Point   -       MidPath             *
**********************************************************
	Latitude	=	 0.363	( 20.824)	[20 49 27]
	Longitude	=	 1.906	( 109.223)	[109 13 24]
	distance =  2238.501
	Magnetic dip (100 km)  =  26.837 (deg)
	Gyrofrequency (100 km) =  1.168 (MHz)
	Magnetic dip (300 km)  =  26.650 (deg)
	Gyrofrequency (300 km) =  1.053 (MHz)
	M(3000)F2 =  2.828
	foE   =  2.953 (MHz)
	foF2  =  13.994 (MHz)
	reflection height  =  350.848 (km)
	solar zenith angle =  70.719 (deg)
	solar declination  = -21.262 (deg)
	solar hour angle   = -58.192 (deg)
	equation of time   = -9.660 (minutes)
	local sunrise      =  23:22 (UTC)  6:22 (Local)
	local solar noon   =  4:52 (UTC)  11:52 (Local)
	local sunset       =  10:22 (UTC)  17:22 (Local)
	local time         =  1:00 (UTC)  8:00 (Local)
**********************************************************
*            Control Point   -      R - d0/2             *
**********************************************************
	Latitude	=	 0.532	( 30.461)	[30 27 38]
	Longitude	=	 1.963	( 112.455)	[112 27 19]
	distance =  3357.752
	Magnetic dip (100 km)  =  44.493 (deg)
	Gyrofrequency (100 km) =  1.306 (MHz)
	Magnetic dip (300 km)  =  44.203 (deg)
	Gyrofrequency (300 km) =  1.176 (MHz)
	M(3000)F2 =  3.075
	foE   =  2.824 (MHz)
	foF2  =  11.763 (MHz)
	solar zenith angle =  73.896 (deg)
	solar declination  = -21.262 (deg)
	solar hour angle   = -54.960 (deg)
	equation of time   = -9.660 (minutes)
	local sunrise      =  23:28 (UTC)  6:28 (Local)
	local solar noon   =  4:39 (UTC)  11:39 (Local)
	local sunset       =  9:51 (UTC)  16:51 (Local)
	local time         =  1:00 (UTC)  8:00 (Local)
**********************************************************
*            Control Point   -     R - 1000              *
**********************************************************
	Latitude	=	 0.549	( 31.483)	[31 28 57]
	Longitude	=	 1.969	( 112.835)	[112 50 4]
	distance =  3477.003
	Magnetic dip (100 km)  =  46.095 (deg)
	Gyrofrequency (100 km) =  1.322 (MHz)
	Magnetic dip (300 km)  =  45.796 (deg)
	Gyrofrequency (300 km) =  1.190 (MHz)
	M(3000)F2 =  3.091
	foE   =  2.810 (MHz)
	foF2  =  11.596 (MHz)
	solar zenith angle =  74.263 (deg)
	solar declination  = -21.262 (deg)
	solar hour angle   = -54.580 (deg)
	equation of time   = -9.660 (minutes)
	local sunrise      =  23:29 (UTC)  6:29 (Local)
	local solar noon   =  4:38 (UTC)  11:38 (Local)
	local sunset       =  9:47 (UTC)  16:47 (Local)
	local time         =  1:00 (UTC)  8:00 (Local)
**********************************************************
*               End DumpPathData()                       *
**********************************************************
