---------------------------------------------------------------------------
 International Telecommunications Union - Radiocommunication Sector (ITU-R)
     ITURHFProp         Ver Sep 26 2026
     HF Model (P533)    Ver 14.2
     Noise Model (P372) Ver 14.3
     Analysis Prepared  Sat Sep 26 02:51:38 2026

---------------------------------------------------------------------------

***************************** P533 Input Parameters ****************************

	Short great circle taken the long way: London to Paris
	Year          : 2018
	Month         : May
	Hour          : 1 (hour UTC)
	SSN (R12)     : 10
	Distance      : 39688.009287 (km)
	dmax          : 4000.000000 (km)
	Tx power      : -10.000000
	Tx Location     London
	Tx latitude   :  51.500000 N
	Tx longitude  :   0.120000 W
	Rx Location     Paris
	Rx latitude   :  48.860000 N
	Rx longitude  :   2.350000 E
	local time Rx : 1 (hour UTC)
	local time Tx : 1 (hour UTC)
	Frequency     : 14.000000
	Bandwidth     : 1.000000
	Modulation : ANALOG
	Required signal-to-noise ratio : 31.000000
	Required % of month signal-to-noise ratio :  90
	Required signal-to-interference ratio : 0.000000
	Man-made noise : RESIDENTIAL
	Antenna configuration : Transmitter main beam to receiver main beam
	Path Direction : LONGPATH
	Transmit antenna               14 MHz Dipole at 10 m AAGL    
	Transmit antenna bearing     : 328.117416
	Transmit antenna gain offset : 0.000000
	Receive antenna                14 MHz Dipole at 10 m AAGL    
	Receive antenna bearing      : 150.015148
	Receive antenna gain offset  : 0.000000

************************ End P533 Input Parameters *****************************

************************** ITURHFP Input Parameters *****************************

	Upper left (North West) latitude   :  48.860000 N
	Upper left (North West) longitude  :   2.350000 E
	Lower right (South East) latitude  :  48.860000 N
	Lower right (South East) longitude :   2.350000 E
	Number of frequencies : 1
	Number of hours       : 24
	Number of months      : 1
	Latitude increment    : 1.000000 (deg)
	Longitude increment   : 1.000000 (deg)

************************** ITURHFP Input Parameters *****************************

******************************** Data Format ***********************************

Column 01: Month
Column 02: Hour
Column 03: Frequency (MHz)
Column 04: D - Path distance (km)
Column 05: BMUF - Path basic MUF (MHz)
Column 06: E - Path Field Strength (dB(1uV/m))
Column 07: SNR - Median signal-to-noise ratio (dB)
Column 08: Free-space Field Strength 3 MW e.i.r.p. (dB(1uV/m)
Column 09: Increased Long Distance Field Strength due to Focusing (dB)
Column 10: "Not otherwise included loss" (dB)
Column 11: Upper Reference Frequency (MHz)
Column 12: Lower Reference Frequency (MHz)
Column 13: Correction Factor at T + d0/2
Column 14: Correction Factor at R - d0/2
Column 15: Max Antenna Gain G_tl (0 - 8 deg)
Column 16: Max Antenna Gain G_rw (0 - 8 deg)
Column 17: Mean gyrofrequency
Column 18: Scale factor f(f ,fL, fM, fH)

************************** End Data Format ********************************

************************ Calculated Parameters ****************************

05, 01,   14.000, 39688.01,   9.85, -26.85,   6.16,  47.2897,  15.0000,  -0.1400,  15.5272,  17.7294,   1.5769,   1.5386,   0.0100,   0.0100,   1.1466,  -0.0424
05, 02,   14.000, 39688.01,   9.21, -25.46,   7.55,  47.2897,  15.0000,  -0.1400,  14.5760,  16.8493,   1.5833,   1.5450,   0.0100,   0.0100,   1.1466,  -0.0128
05, 03,   14.000, 39688.01,   9.04, -25.03,   7.97,  47.2897,  15.0000,  -0.1400,  14.3244,  15.4332,   1.5852,   1.5502,   0.0100,   0.0100,   1.1466,  -0.0038
05, 04,   14.000, 39688.01,   9.23, -24.67,   8.33,  47.2897,  15.0000,  -0.1400,  14.6173,  13.2828,   1.5829,   1.5413,   0.0100,   0.0100,   1.1466,   0.0039
05, 05,   14.000, 39688.01,   9.54, -22.09,  10.90,  47.2897,  15.0000,  -0.1400,  15.0640,   8.2530,   1.5798,   1.5208,   0.0100,   0.0100,   1.1466,   0.0584
05, 06,   14.000, 39688.01,  10.00, -23.19,   9.77,  47.2897,  15.0000,  -0.1400,  15.7605,  11.7013,   1.5755,   1.5080,   0.0100,   0.0100,   1.1466,   0.0351
05, 07,   14.000, 39688.01,  10.91, -25.54,   7.40,  47.2897,  15.0000,  -0.1400,  17.1101,  14.6026,   1.5688,   1.5046,   0.0100,   0.0100,   1.1466,  -0.0145
05, 08,   14.000, 39688.01,  12.11, -28.52,   4.39,  47.2897,  15.0000,  -0.1400,  18.9175,  16.2242,   1.5626,   1.5048,   0.0100,   0.0100,   1.1466,  -0.0775
05, 09,   14.000, 39688.01,  13.10, -31.26,   1.62,  47.2897,  15.0000,  -0.1400,  20.4231,  17.1526,   1.5595,   1.5053,   0.0100,   0.0100,   1.1466,  -0.1355
05, 10,   14.000, 39688.01,  13.66, -33.44,  -0.66,  47.2897,  15.0000,  -0.1400,  21.2929,  17.8504,   1.5583,   1.5046,   0.0100,   0.0100,   1.1466,  -0.1817
05, 11,   14.000, 39688.01,  14.00, -34.77,  -2.09,  47.2897,  15.0000,  -0.1400,  21.8142,  18.2257,   1.5578,   1.5035,   0.0100,   0.0100,   1.1466,  -0.2098
05, 12,   14.000, 39688.01,  14.21, -34.75,  -2.18,  47.2897,  15.0000,  -0.1400,  22.1296,  18.0785,   1.5576,   1.5028,   0.0100,   0.0100,   1.1466,  -0.2094
05, 13,   14.000, 39688.01,  14.21, -34.79,  -2.35,  47.2897,  15.0000,  -0.1400,  22.1312,  18.0940,   1.5576,   1.5024,   0.0100,   0.0100,   1.1466,  -0.2102
05, 14,   14.000, 39688.01,  14.12, -33.13,  -0.84,  47.2897,  15.0000,  -0.1400,  21.9919,  17.4277,   1.5577,   1.5023,   0.0100,   0.0100,   1.1466,  -0.1751
05, 15,   14.000, 39688.01,  14.11, -31.72,   0.44,  47.2897,  15.0000,  -0.1400,  21.9750,  16.8293,   1.5577,   1.5022,   0.0100,   0.0100,   1.1466,  -0.1453
05, 16,   14.000, 39688.01,  14.05, -30.51,   1.55,  47.2897,  15.0000,  -0.1400,  21.8891,  16.3362,   1.5577,   1.5023,   0.0100,   0.0100,   1.1466,  -0.1197
05, 17,   14.000, 39688.01,  13.82, -29.55,   2.42,  47.2897,  15.0000,  -0.1400,  21.5285,  16.0053,   1.5580,   1.5029,   0.0100,   0.0100,   1.1466,  -0.0994
05, 18,   14.000, 39688.01,  13.75, -30.08,   2.16,  47.2897,  15.0000,  -0.1400,  21.4290,  16.2624,   1.5581,   1.5032,   0.0100,   0.0100,   1.1466,  -0.1107
05, 19,   14.000, 39688.01,  14.24, -31.77,   0.72,  47.2897,  15.0000,  -0.1400,  22.1757,  16.7913,   1.5575,   1.5024,   0.0100,   0.0100,   1.1466,  -0.1462
05, 20,   14.000, 39688.01,  14.84, -34.02,  -1.33,  47.2897,  15.0000,  -0.1400,  23.1081,  17.4308,   1.5572,   1.5030,   0.0100,   0.0100,   1.1466,  -0.1939
05, 21,   14.000, 39688.01,  14.66, -35.27,  -2.42,  47.2897,  15.0000,  -0.1400,  22.8358,  18.0162,   1.5572,   1.5078,   0.0100,   0.0100,   1.1466,  -0.2204
05, 22,   14.000, 39688.01,  13.52, -34.37,  -1.47,  47.2897,  15.0000,  -0.1400,  21.0671,  18.4133,   1.5585,   1.5162,   0.0100,   0.0100,   1.1466,  -0.2012
05, 23,   14.000, 39688.01,  12.05, -31.77,   1.16,  47.2897,  15.0000,  -0.1400,  18.8291,  18.4629,   1.5629,   1.5258,   0.0100,   0.0100,   1.1466,  -0.1463
05, 24,   14.000, 39688.01,  10.81, -29.05,   3.93,  47.2897,  15.0000,  -0.1400,  16.9593,  18.2141,   1.5694,   1.5335,   0.0100,   0.0100,   1.1466,  -0.0888

**************************End Calculated Parameters ***********************

