---------------------------------------------------------------------------
 International Telecommunications Union - Radiocommunication Sector (ITU-R)
     ITURHFProp         Ver Sep 25 2026
     HF Model (P533)    Ver 14.2
     Noise Model (P372) Ver 14.3
     Analysis Prepared  Fri Sep 25 21:49:18 2026

---------------------------------------------------------------------------

***************************** P533 Input Parameters ****************************

	Long path of one full circumference: London to London
	Year          : 2018
	Month         : May
	Hour          : 1 (hour UTC)
	SSN (R12)     : 10
	Distance      : 40030.173592 (km)
	dmax          : 4000.000000 (km)
	Tx power      : -10.000000
	Tx Location     London
	Tx latitude   :  51.500000 N
	Tx longitude  :   0.120000 W
	Rx Location     London
	Rx latitude   :  51.500000 N
	Rx longitude  :   0.120000 W
	local time Rx : 1 (hour UTC)
	local time Tx : 1 (hour UTC)
	Frequency     : 14.000000
	Bandwidth     : 1.000000
	Modulation : ANALOG
	Required signal-to-noise ratio : 31.000000
	Required % of month signal-to-noise ratio :  90
	Required signal-to-interference ratio : 0.000000
	Man-made noise : RESIDENTIAL
	Antenna configuration : Transmitter main beam to receiver main beam
	Path Direction : LONGPATH
	Transmit antenna               14 MHz Dipole at 10 m AAGL    
	Transmit antenna bearing     : 0.000000
	Transmit antenna gain offset : 0.000000
	Receive antenna                14 MHz Dipole at 10 m AAGL    
	Receive antenna bearing      : 0.000000
	Receive antenna gain offset  : 0.000000

************************ End P533 Input Parameters *****************************

************************** ITURHFP Input Parameters *****************************

	Upper left (North West) latitude   :  51.500000 N
	Upper left (North West) longitude  :   0.120000 W
	Lower right (South East) latitude  :  51.500000 N
	Lower right (South East) longitude :   0.120000 W
	Number of frequencies : 1
	Number of hours       : 24
	Number of months      : 1
	Latitude increment    : 1.000000 (deg)
	Longitude increment   : 1.000000 (deg)

************************** ITURHFP Input Parameters *****************************

******************************** Data Format ***********************************

Column 01: Month
Column 02: Hour
Column 03: Frequency (MHz)
Column 04: D - Path distance (km)
Column 05: BMUF - Path basic MUF (MHz)
Column 06: E - Path Field Strength (dB(1uV/m))
Column 07: SNR - Median signal-to-noise ratio (dB)
Column 08: Free-space Field Strength 3 MW e.i.r.p. (dB(1uV/m)
Column 09: Increased Long Distance Field Strength due to Focusing (dB)
Column 10: "Not otherwise included loss" (dB)
Column 11: Upper Reference Frequency (MHz)
Column 12: Lower Reference Frequency (MHz)
Column 13: Correction Factor at T + d0/2
Column 14: Correction Factor at R - d0/2
Column 15: Max Antenna Gain G_tl (0 - 8 deg)
Column 16: Max Antenna Gain G_rw (0 - 8 deg)
Column 17: Mean gyrofrequency
Column 18: Scale factor f(f ,fL, fM, fH)

************************** End Data Format ********************************

************************ Calculated Parameters ****************************

05, 01,   14.000, 40030.17,   9.64, -26.19,   6.84,  47.2181,  15.0000,  -0.1400,  14.8759,  18.3768,   1.5428,   1.4707,   0.0100,   0.0100,   1.1495,  -0.0283
05, 02,   14.000, 40030.17,   9.52, -25.88,   7.14,  47.2181,  15.0000,  -0.1400,  14.6826,  18.2913,   1.5420,   1.4684,   0.0100,   0.0100,   1.1495,  -0.0218
05, 03,   14.000, 40030.17,   9.70, -26.18,   6.84,  47.2181,  15.0000,  -0.1400,  14.9630,  17.9021,   1.5431,   1.4669,   0.0100,   0.0100,   1.1495,  -0.0281
05, 04,   14.000, 40030.17,  10.04, -26.44,   6.57,  47.2181,  15.0000,  -0.1400,  15.4158,  17.1327,   1.5453,   1.4675,   0.0100,   0.0100,   1.1495,  -0.0337
05, 05,   14.000, 40030.17,  10.47, -26.34,   6.67,  47.2181,  15.0000,  -0.1400,  16.2025,  15.8519,   1.5482,   1.4735,   0.0100,   0.0100,   1.1495,  -0.0315
05, 06,   14.000, 40030.17,  11.06, -25.40,   7.58,  47.2181,  15.0000,  -0.1400,  17.1738,  14.4745,   1.5526,   1.4877,   0.0100,   0.0100,   1.1495,  -0.0117
05, 07,   14.000, 40030.17,  11.89, -24.25,   8.70,  47.2181,  15.0000,  -0.1400,  18.5370,  13.6275,   1.5591,   1.5033,   0.0100,   0.0100,   1.1495,   0.0127
05, 08,   14.000, 40030.17,  12.72, -26.12,   6.80,  47.2181,  15.0000,  -0.1400,  19.9184,  14.6464,   1.5660,   1.5094,   0.0100,   0.0100,   1.1495,  -0.0269
05, 09,   14.000, 40030.17,  13.28, -29.06,   3.83,  47.2181,  15.0000,  -0.1400,  20.8552,  15.9335,   1.5709,   1.5063,   0.0100,   0.0100,   1.1495,  -0.0891
05, 10,   14.000, 40030.17,  13.62, -32.25,   0.57,  47.2181,  15.0000,  -0.1400,  21.4415,  17.2390,   1.5740,   1.5024,   0.0100,   0.0100,   1.1495,  -0.1567
05, 11,   14.000, 40030.17,  13.96, -34.35,  -1.62,  47.2181,  15.0000,  -0.1400,  22.0092,  17.9594,   1.5771,   1.5032,   0.0100,   0.0100,   1.1495,  -0.2012
05, 12,   14.000, 40030.17,  14.21, -35.58,  -2.95,  47.2181,  15.0000,  -0.1400,  22.4394,  18.3109,   1.5794,   1.5082,   0.0100,   0.0100,   1.1495,  -0.2273
05, 13,   14.000, 40030.17,  14.21, -35.73,  -3.20,  47.2181,  15.0000,  -0.1400,  22.4510,  18.3679,   1.5795,   1.5136,   0.0100,   0.0100,   1.1495,  -0.2304
05, 14,   14.000, 40030.17,  14.11, -35.36,  -2.93,  47.2181,  15.0000,  -0.1400,  22.2701,  18.2903,   1.5785,   1.5160,   0.0100,   0.0100,   1.1495,  -0.2226
05, 15,   14.000, 40030.17,  14.12, -34.48,  -2.13,  47.2181,  15.0000,  -0.1400,  22.2896,  17.9031,   1.5786,   1.5166,   0.0100,   0.0100,   1.1495,  -0.2039
05, 16,   14.000, 40030.17,  14.16, -32.71,  -0.42,  47.2181,  15.0000,  -0.1400,  22.3582,  17.1356,   1.5790,   1.5204,   0.0100,   0.0100,   1.1495,  -0.1664
05, 17,   14.000, 40030.17,  14.04, -29.48,   2.75,  47.2181,  15.0000,  -0.1400,  22.1461,  15.8601,   1.5778,   1.5299,   0.0100,   0.0100,   1.1495,  -0.0981
05, 18,   14.000, 40030.17,  13.92, -26.06,   6.37,  47.2181,  15.0000,  -0.1400,  21.9493,  14.4893,   1.5768,   1.5399,   0.0100,   0.0100,   1.1495,  -0.0257
05, 19,   14.000, 40030.17,  14.08, -23.97,   8.64,  47.2181,  15.0000,  -0.1400,  22.2182,  13.6531,   1.5782,   1.5401,   0.0100,   0.0100,   1.1495,   0.0187
05, 20,   14.000, 40030.17,  14.22, -26.56,   6.19,  47.2181,  15.0000,  -0.1400,  22.4580,  14.6607,   1.5795,   1.5264,   0.0100,   0.0100,   1.1495,  -0.0362
05, 21,   14.000, 40030.17,  13.72, -29.48,   3.39,  47.2181,  15.0000,  -0.1400,  21.6110,  15.9607,   1.5749,   1.5062,   0.0100,   0.0100,   1.1495,  -0.0981
05, 22,   14.000, 40030.17,  12.50, -30.66,   2.25,  47.2181,  15.0000,  -0.1400,  19.5512,  17.2421,   1.5641,   1.4890,   0.0100,   0.0100,   1.1495,  -0.1230
05, 23,   14.000, 40030.17,  11.13, -29.22,   3.72,  47.2181,  15.0000,  -0.1400,  17.2819,  17.9688,   1.5531,   1.4787,   0.0100,   0.0100,   1.1495,  -0.0926
05, 24,   14.000, 40030.17,  10.14, -27.36,   5.63,  47.2181,  15.0000,  -0.1400,  15.6827,  18.3312,   1.5460,   1.4736,   0.0100,   0.0100,   1.1495,  -0.0531

**************************End Calculated Parameters ***********************

