---------------------------------------------------------------------------
 International Telecommunications Union - Radiocommunication Sector (ITU-R)
     ITURHFProp         Ver Sep 25 2026
     HF Model (P533)    Ver 14.2
     Noise Model (P372) Ver 14.3
     Analysis Prepared  Fri Sep 25 21:49:18 2026

---------------------------------------------------------------------------

***************************** P533 Input Parameters ****************************

	Long path, northern mid-point in September: Tokyo to Birmingham
	Year          : 2018
	Month         : September
	Hour          : 1 (hour UTC)
	SSN (R12)     : 10
	Distance      : 9528.633325 (km)
	dmax          : 4000.000000 (km)
	Tx power      : -10.000000
	Tx Location     Tokyo
	Tx latitude   :  35.680000 N
	Tx longitude  : 139.690000 E
	Rx Location     Birmingham
	Rx latitude   :  52.486200 N
	Rx longitude  :   1.890400 W
	local time Rx : 1 (hour UTC)
	local time Tx : 10 (hour UTC)
	Frequency     : 14.000000
	Bandwidth     : 1.000000
	Modulation : ANALOG
	Required signal-to-noise ratio : 31.000000
	Required % of month signal-to-noise ratio :  90
	Required signal-to-interference ratio : 0.000000
	Man-made noise : RESIDENTIAL
	Antenna configuration : Transmitter main beam to receiver main beam
	Path Direction : SHORTPATH
	Transmit antenna               14 MHz Dipole at 10 m AAGL    
	Transmit antenna bearing     : 337.698253
	Transmit antenna gain offset : 0.000000
	Receive antenna                14 MHz Dipole at 10 m AAGL    
	Receive antenna bearing      : 30.410883
	Receive antenna gain offset  : 0.000000

************************ End P533 Input Parameters *****************************

************************** ITURHFP Input Parameters *****************************

	Upper left (North West) latitude   :  52.486200 N
	Upper left (North West) longitude  :   1.890400 W
	Lower right (South East) latitude  :  52.486200 N
	Lower right (South East) longitude :   1.890400 W
	Number of frequencies : 1
	Number of hours       : 24
	Number of months      : 1
	Latitude increment    : 1.000000 (deg)
	Longitude increment   : 1.000000 (deg)

************************** ITURHFP Input Parameters *****************************

******************************** Data Format ***********************************

Column 01: Month
Column 02: Hour
Column 03: Frequency (MHz)
Column 04: D - Path distance (km)
Column 05: BMUF - Path basic MUF (MHz)
Column 06: E - Path Field Strength (dB(1uV/m))
Column 07: SNR - Median signal-to-noise ratio (dB)
Column 08: Free-space Field Strength 3 MW e.i.r.p. (dB(1uV/m)
Column 09: Increased Long Distance Field Strength due to Focusing (dB)
Column 10: "Not otherwise included loss" (dB)
Column 11: Upper Reference Frequency (MHz)
Column 12: Lower Reference Frequency (MHz)
Column 13: Correction Factor at T + d0/2
Column 14: Correction Factor at R - d0/2
Column 15: Max Antenna Gain G_tl (0 - 8 deg)
Column 16: Max Antenna Gain G_rw (0 - 8 deg)
Column 17: Mean gyrofrequency
Column 18: Scale factor f(f ,fL, fM, fH)

************************** End Data Format ********************************

************************ Calculated Parameters ****************************

09, 01,   14.000,  9528.63,   5.93, -68.39, -35.32,  59.6958,   1.7605,  -0.1400,   9.8155,   5.6977,   1.4486,   1.6560,   0.0100,   0.0100,   1.2905,  -0.5075
09, 02,   14.000,  9528.63,   5.44, -69.95, -36.88,  59.6958,   1.7605,  -0.1400,   9.1843,   6.5547,   1.4563,   1.6878,   0.0100,   0.0100,   1.2905,  -0.5337
09, 03,   14.000,  9528.63,   5.54, -66.36, -33.30,  59.6958,   1.7605,  -0.1400,   9.3184,   6.9845,   1.4631,   1.6807,   0.0100,   0.0100,   1.2905,  -0.4736
09, 04,   14.000,  9528.63,   6.83, -52.99, -19.93,  59.6958,   1.7605,  -0.1400,  10.9760,   7.4002,   1.4661,   1.6060,   0.0100,   0.0100,   1.2905,  -0.2496
09, 05,   14.000,  9528.63,   8.90, -39.83,  -6.77,  59.6958,   1.7605,  -0.1400,  13.5548,   7.6924,   1.4655,   1.5237,   0.0100,   0.0100,   1.2905,  -0.0292
09, 06,   14.000,  9528.63,  10.76, -32.24,   0.79,  59.6958,   1.7605,  -0.1400,  15.8467,   8.0856,   1.4630,   1.4727,   0.0100,   0.0100,   1.2905,   0.0979
09, 07,   14.000,  9528.63,  12.06, -28.74,   4.25,  59.6958,   1.7605,  -0.1400,  17.4361,   8.4247,   1.4585,   1.4456,   0.0100,   0.0100,   1.2905,   0.1566
09, 08,   14.000,  9528.63,  13.09, -26.22,   6.73,  59.6958,   1.7605,  -0.1400,  18.6966,   8.4595,   1.4527,   1.4278,   0.0100,   0.0100,   1.2905,   0.1988
09, 09,   14.000,  9528.63,  14.03, -23.51,   9.39,  59.6958,   1.7605,  -0.1400,  19.8411,   8.1889,   1.4497,   1.4140,   0.0100,   0.0100,   1.2905,   0.2442
09, 10,   14.000,  9528.63,  14.75, -19.91,  12.90,  59.6958,   1.7605,  -0.1400,  20.7226,   7.3661,   1.4538,   1.4046,   0.0100,   0.0100,   1.2905,   0.3045
09, 11,   14.000,  9528.63,  15.20, -16.94,  15.77,  59.6958,   1.7605,  -0.1400,  21.2701,   6.5805,   1.4665,   1.3993,   0.0100,   0.0100,   1.2905,   0.3543
09, 12,   14.000,  9528.63,  14.64, -15.41,  17.20,  59.6958,   1.7605,  -0.1400,  21.4842,   6.1216,   1.4849,   1.3973,   0.0100,   0.0100,   1.2905,   0.3799
09, 13,   14.000,  9528.63,  13.22, -17.32,  15.17,  59.6958,   1.7605,  -0.1400,  19.9052,   5.5380,   1.5059,   1.3996,   0.0100,   0.0100,   1.2905,   0.3478
09, 14,   14.000,  9528.63,  11.91, -20.83,  11.72,  59.6958,   1.7605,  -0.1400,  18.2198,   5.0440,   1.5296,   1.4058,   0.0100,   0.0100,   1.2905,   0.2891
09, 15,   14.000,  9528.63,  10.79, -24.96,   7.63,  59.6958,   1.7605,  -0.1400,  16.7744,   4.5164,   1.5542,   1.4119,   0.0100,   0.0100,   1.2905,   0.2199
09, 16,   14.000,  9528.63,  10.06, -28.40,   4.24,  59.6958,   1.7605,  -0.1400,  15.8215,   3.9759,   1.5729,   1.4146,   0.0100,   0.0100,   1.2905,   0.1623
09, 17,   14.000,  9528.63,   9.52, -31.25,   1.43,  59.6958,   1.7605,  -0.1400,  15.1213,   2.9099,   1.5882,   1.4181,   0.0100,   0.0100,   1.2905,   0.1145
09, 18,   14.000,  9528.63,   8.77, -37.15,  -4.40,  59.6958,   1.7605,  -0.1400,  14.1358,   2.3119,   1.6123,   1.4287,   0.0100,   0.0100,   1.2905,   0.0157
09, 19,   14.000,  9528.63,   8.15, -43.31, -10.49,  59.6958,   1.7605,  -0.1400,  13.3182,   1.8368,   1.6349,   1.4489,   0.0100,   0.0100,   1.2905,  -0.0875
09, 20,   14.000,  9528.63,   8.78, -37.03,  -4.16,  59.6958,   1.7605,  -0.1400,  14.1485,   1.7822,   1.6120,   1.4791,   0.0100,   0.0100,   1.2905,   0.0177
09, 21,   14.000,  9528.63,   8.96, -40.78,  -7.84,  59.6958,   1.7605,  -0.1400,  13.6394,   1.7822,   1.5432,   1.5215,   0.0100,   0.0100,   1.2905,  -0.0450
09, 22,   14.000,  9528.63,   7.57, -56.68, -23.72,  59.6958,   1.7605,  -0.1400,  11.9078,   1.7822,   1.4829,   1.5724,   0.0100,   0.0100,   1.2905,  -0.3115
09, 23,   14.000,  9528.63,   6.70, -65.57, -32.57,  59.6958,   1.7605,  -0.1400,  10.8085,   3.6104,   1.4531,   1.6126,   0.0100,   0.0100,   1.2905,  -0.4603
09, 24,   14.000,  9528.63,   6.32, -66.87, -33.83,  59.6958,   1.7605,  -0.1400,  10.3161,   4.8491,   1.4451,   1.6332,   0.0100,   0.0100,   1.2905,  -0.4821

**************************End Calculated Parameters ***********************

