---------------------------------------------------------------------------
 International Telecommunications Union - Radiocommunication Sector (ITU-R)
     ITURHFProp         Ver Sep 24 2026
     HF Model (P533)    Ver 14.2
     Noise Model (P372) Ver 14.3
     Analysis Prepared  Thu Sep 24 16:29:59 2026

---------------------------------------------------------------------------

***************************** P533 Input Parameters ****************************

	United Kingdom to Moscow
	Year          : 2018
	Month         : May
	Hour          : 2 (hour UTC)
	SSN (R12)     : 10
	Distance      : 2562.104539 (km)
	dmax          : 4000.000000 (km)
	Tx power      : -10.000000
	Tx Location     Moscow
	Tx latitude   :  55.750000 N
	Tx longitude  :  37.580000 E
	Rx Location     Birmingham
	Rx latitude   :  52.486200 N
	Rx longitude  :   1.890400 W
	local time Rx : 2 (hour UTC)
	local time Tx : 4 (hour UTC)
	Frequency     : 14.000000
	Bandwidth     : 1.000000
	Modulation : ANALOG
	Required signal-to-noise ratio : 31.000000
	Required % of month signal-to-noise ratio :  90
	Required signal-to-interference ratio : 0.000000
	Man-made noise : RESIDENTIAL
	Antenna configuration : Transmitter main beam to receiver main beam
	Path Direction : SHORTPATH
	Transmit antenna               14 MHz Dipole at 10 m AAGL    
	Transmit antenna bearing     : 278.500401
	Transmit antenna gain offset : 0.000000
	Receive antenna                14 MHz Dipole at 10 m AAGL    
	Receive antenna bearing      : 66.073351
	Receive antenna gain offset  : 0.000000

************************ End P533 Input Parameters *****************************

************************** ITURHFP Input Parameters *****************************

	Upper left (North West) latitude   :  52.486200 N
	Upper left (North West) longitude  :   1.890400 W
	Lower right (South East) latitude  :  52.486200 N
	Lower right (South East) longitude :   1.890400 W
	Number of frequencies : 1
	Number of hours       : 12
	Number of months      : 1
	Latitude increment    : 1.000000 (deg)
	Longitude increment   : 1.000000 (deg)

************************** ITURHFP Input Parameters *****************************

******************************** Data Format ***********************************

Column 01: Month
Column 02: Hour
Column 03: Frequency (MHz)
Column 04: ele - Path minimum Rx elevation angle (deg)
Column 05: Pr - Median receiver power (dB)
Column 06: Grw - Receive Antenna Gain (dbi)
Column 07: SNR - Median signal-to-noise ratio (dB)
Column 08: BCR - Basic circuit reliability (%)
Column 09: Dominant mode
Column 10: Dominant mode - Elevation angle (deg)
Column 11: Dominant mode - Delay (mS)
Column 12: Dominant mode - Loss (dB)
Column 13: Dominant mode - Propagation probability (%)
Column 14: Dominant mode - Virtual height (km)
Column 15: Dominant mode - Median received power (dB)
Column 16: Dominant mode - Receiver Antenna Gain (dBi)
Column 17: Dominant mode - Field Strength (dB(1uV/m))
Column 18: Dominant mode - Basic MUF (MHz)
Column 19: Short Path (<=7000 km) Field Strength (dB(1uV/m))
Column 20: Long Path (>9000km) Field Strength (dB(1uV/m))

************************** End Data Format ********************************

************************ Calculated Parameters ****************************

05, 02,   14.000,   8.08,-139.12,   0.09,  23.88,  23.02,  1F2 ,   8.08,   0.00, 161.10,   0.00, 486.47,-141.53,   0.09, -11.49,   8.94, -10.8333,-307.0000
05, 04,   14.000,   7.65,-133.55,  -0.36,  29.45,  42.44,  1F2 ,   7.65,   0.00, 154.27,   0.01, 360.43,-135.59,  -0.36,  -5.11,  10.89,  -4.6100,-307.0000
05, 06,   14.000,   7.34,-125.31,  -0.69,  37.66,  71.19,  1F2 ,   7.34,   0.00, 144.37,   0.34, 375.90,-126.34,  -0.69,   4.47,  13.46,   4.7219,-307.0000
05, 08,   14.000,   7.42,-122.25,  -0.60,  40.67,  78.19,  1F2 ,   7.42,   0.00, 140.90,   0.66, 379.40,-122.71,  -0.60,   8.02,  14.63,   8.2389,-307.0000
05, 10,   14.000,   7.40,-123.82,  -0.62,  39.01,  74.87,  1F2 ,   7.40,   0.00, 143.06,   0.73, 378.50,-124.90,  -0.62,   5.84,  15.04,   6.3133,-307.0000
05, 12,   14.000,   7.41,-124.44,  -0.61,  38.28,  73.26,  1F2 ,   7.41,   0.00, 143.58,   0.66, 378.85,-125.41,  -0.61,   5.33,  14.58,   5.7928,-307.0000
05, 14,   14.000,   7.41,-123.26,  -0.61,  39.33,  75.58,  1F2 ,   7.41,   0.00, 142.19,   0.55, 378.86,-124.01,  -0.61,   6.72,  14.14,   7.1215,-307.0000
05, 16,   14.000,   7.07,-123.54,  -0.96,  38.89,  74.69,  1F2 ,   7.07,   0.00, 141.90,   0.74, 359.76,-124.42,  -0.96,   6.66,  14.90,   7.0351,-307.0000
05, 18,   14.000,   6.80,-121.16,  -1.29,  41.30,  79.48,  1F2 ,   6.80,   0.00, 139.01,   0.84, 323.99,-122.20,  -1.29,   9.22,  15.90,   9.4184,-307.0000
05, 20,   14.000,   6.88,-118.68,  -1.19,  43.97,  83.87,  1F2 ,   6.88,   0.00, 136.55,   0.77, 350.86,-119.53,  -1.19,  11.78,  15.44,  11.9451,-307.0000
05, 22,   14.000,   7.23,-130.67,  -0.80,  32.15,  54.69,  1F2 ,   7.23,   0.00, 150.11,   0.08, 420.61,-132.32,  -0.80,  -1.39,  11.87,  -1.0325,-307.0000
05, 24,   14.000,   7.82,-139.42,  -0.18,  23.51,  22.09,  1F2 ,   7.82,   0.00, 160.49,   0.00, 477.05,-141.45,  -0.18, -11.15,   9.29, -10.6355,-307.0000

**************************End Calculated Parameters ***********************

