---------------------------------------------------------------------------
 International Telecommunications Union - Radiocommunication Sector (ITU-R)
     ITURHFProp         Ver Sep 25 2026
     HF Model (P533)    Ver 14.2
     Noise Model (P372) Ver 14.3
     Analysis Prepared  Fri Sep 25 19:30:02 2026

---------------------------------------------------------------------------

***************************** P533 Input Parameters ****************************

	Southern high geomagnetic latitude: Hobart to Casey
	Year          : 2018
	Month         : January
	Hour          : 1 (hour UTC)
	SSN (R12)     : 60
	Distance      : 3424.116947 (km)
	dmax          : 4000.000000 (km)
	Tx power      : 0.000000
	Tx Location     Hobart
	Tx latitude   :  42.880000 S
	Tx longitude  : 147.330000 E
	Rx Location     Casey
	Rx latitude   :  66.280000 S
	Rx longitude  : 110.530000 E
	local time Rx : 8 (hour UTC)
	local time Tx : 10 (hour UTC)
	Frequency     : 9.000000
	Bandwidth     : 3000.000000
	Modulation : ANALOG
	Required signal-to-noise ratio : 10.000000
	Required % of month signal-to-noise ratio :  90
	Required signal-to-interference ratio : 0.000000
	Man-made noise : RURAL
	Antenna configuration : Transmitter main beam to receiver main beam
	Path Direction : SHORTPATH
	Transmit antenna               ISOTROPIC
	Transmit antenna bearing     : 208.078853
	Transmit antenna gain offset : 0.000000
	Receive antenna                ISOTROPIC
	Receive antenna bearing      : 59.027461
	Receive antenna gain offset  : 0.000000

************************ End P533 Input Parameters *****************************

************************** ITURHFP Input Parameters *****************************

	Upper left (North West) latitude   :  66.280000 S
	Upper left (North West) longitude  : 110.530000 E
	Lower right (South East) latitude  :  66.280000 S
	Lower right (South East) longitude : 110.530000 E
	Number of frequencies : 1
	Number of hours       : 12
	Number of months      : 1
	Latitude increment    : 1.000000 (deg)
	Longitude increment   : 1.000000 (deg)

************************** ITURHFP Input Parameters *****************************

******************************** Data Format ***********************************

Column 01: Month
Column 02: Hour
Column 03: Frequency (MHz)
Column 04: D - Path distance (km)
Column 05: BMUF - Path basic MUF (MHz)
Column 06: E - Path Field Strength (dB(1uV/m))
Column 07: Pr - Median receiver power (dB)
Column 08: SNR - Median signal-to-noise ratio (dB)
Column 09: DuSN - Upper decile deviation of signal-to-noise ratio (dB)
Column 10: DlSN - Lower decile deviation of signal-to-noise ratio (dB)
Column 11: BCR - Basic circuit reliability (%)

************************** End Data Format ********************************

************************ Calculated Parameters ****************************

01, 01,    9.000,  3424.12,  16.59,  -1.92,-128.21,  -0.14,  11.19,  16.25,  11.97
01, 03,    9.000,  3424.12,  16.79,  -0.29,-126.57,   1.51,  11.18,  16.27,  15.47
01, 05,    9.000,  3424.12,  17.09,  -0.20,-126.49,   1.56,  11.18,  16.28,  15.59
01, 07,    9.000,  3424.12,  17.17,   0.47,-125.82,   1.92,  11.20,  16.32,  16.47
01, 09,    9.000,  3424.12,  17.13,   6.13,-120.15,   7.21,  11.25,  16.33,  34.09
01, 11,    9.000,  3424.12,  15.74,  12.10,-114.18,  13.28,  11.26,  16.26,  63.44
01, 13,    9.000,  3424.12,  13.81,  13.78,-112.50,  15.34,  11.22,  16.17,  69.87
01, 15,    9.000,  3424.12,  12.09,  19.32,-106.96,  21.04,  11.18,  16.14,  82.49
01, 17,    9.000,  3424.12,   8.75,   9.70,-116.58,  11.47,  13.71,  20.73,  55.31
01, 19,    9.000,  3424.12,   9.50,  13.85,-112.44,  15.63,  12.86,  19.94,  67.60
01, 21,    9.000,  3424.12,  11.22,   8.36,-117.92,  10.08,  12.87,  19.95,  50.32
01, 23,    9.000,  3424.12,  15.90,   2.02,-124.26,   3.73,  11.21,  16.24,  21.31

**************************End Calculated Parameters ***********************

