---------------------------------------------------------------------------
 International Telecommunications Union - Radiocommunication Sector (ITU-R)
     ITURHFProp         Ver Sep 25 2026
     HF Model (P533)    Ver 14.2
     Noise Model (P372) Ver 14.3
     Analysis Prepared  Fri Sep 25 21:18:02 2026

---------------------------------------------------------------------------

***************************** P533 Input Parameters ****************************

	Western, high geomagnetic latitude: St John's to Montreal
	Year          : 2018
	Month         : March
	Hour          : 1 (hour UTC)
	SSN (R12)     : 60
	Distance      : 1607.142253 (km)
	dmax          : 4000.000000 (km)
	Tx power      : 0.000000
	Tx Location     St Johns
	Tx latitude   :  47.560000 N
	Tx longitude  :  52.710000 W
	Rx Location     Montreal
	Rx latitude   :  45.500000 N
	Rx longitude  :  73.570000 W
	local time Rx : 21 (hour UTC)
	local time Tx : 22 (hour UTC)
	Frequency     : 5.000000
	Bandwidth     : 3000.000000
	Modulation : ANALOG
	Required signal-to-noise ratio : 10.000000
	Required % of month signal-to-noise ratio :  90
	Required signal-to-interference ratio : 0.000000
	Man-made noise : RURAL
	Antenna configuration : Transmitter main beam to receiver main beam
	Path Direction : SHORTPATH
	Transmit antenna               ISOTROPIC
	Transmit antenna bearing     : 269.531389
	Transmit antenna gain offset : 0.000000
	Receive antenna                ISOTROPIC
	Receive antenna bearing      : 74.310767
	Receive antenna gain offset  : 0.000000

************************ End P533 Input Parameters *****************************

************************** ITURHFP Input Parameters *****************************

	Upper left (North West) latitude   :  45.500000 N
	Upper left (North West) longitude  :  73.570000 W
	Lower right (South East) latitude  :  45.500000 N
	Lower right (South East) longitude :  73.570000 W
	Number of frequencies : 1
	Number of hours       : 24
	Number of months      : 1
	Latitude increment    : 1.000000 (deg)
	Longitude increment   : 1.000000 (deg)

************************** ITURHFP Input Parameters *****************************

******************************** Data Format ***********************************

Column 01: Month
Column 02: Hour
Column 03: Frequency (MHz)
Column 04: D - Path distance (km)
Column 05: BMUF - Path basic MUF (MHz)
Column 06: E - Path Field Strength (dB(1uV/m))
Column 07: Pr - Median receiver power (dB)
Column 08: SNR - Median signal-to-noise ratio (dB)
Column 09: BCR - Basic circuit reliability (%)
Column 10: Dominant mode
Column 11: Dominant mode - Elevation angle (deg)
Column 12: Dominant mode - Delay (mS)
Column 13: Dominant mode - Loss (dB)
Column 14: Dominant mode - Propagation probability (%)
Column 15: Dominant mode - Virtual height (km)
Column 16: Dominant mode - Median received power (dB)
Column 17: Dominant mode - Receiver Antenna Gain (dBi)
Column 18: Dominant mode - Field Strength (dB(1uV/m))
Column 19: Dominant mode - Basic MUF (MHz)

************************** End Data Format ********************************

************************ Calculated Parameters ****************************

03, 01,    5.000,  1607.14,  10.46,  27.67, -93.51,  20.04,  84.30,  1F2 ,  18.43,   0.00, 126.58,   1.00, 214.09, -97.18,   0.00,  24.00,  10.46
03, 02,    5.000,  1607.14,   9.20,  26.27, -94.91,  18.74,  81.50,  1F2 ,  19.14,   0.00, 126.59,   1.00, 244.77, -97.19,   0.00,  23.99,   9.20
03, 03,    5.000,  1607.14,   8.73,  26.17, -95.01,  18.75,  81.41,  1F2 ,  19.55,   0.00, 126.60,   1.00, 264.25, -97.20,   0.00,  23.98,   8.73
03, 04,    5.000,  1607.14,   8.56,  25.46, -95.72,  18.15,  79.95,  1F2 ,  19.62,   0.00, 127.20,   0.99, 271.01, -97.80,   0.00,  23.38,   8.56
03, 05,    5.000,  1607.14,   8.21,  25.41, -95.77,  18.21,  79.99,  1F2 ,  19.54,   0.00, 127.20,   0.98, 282.25, -97.80,   0.00,  23.38,   8.21
03, 06,    5.000,  1607.14,   7.70,  25.01, -96.17,  18.91,  80.71,  1F2 ,  19.46,   0.00, 127.20,   0.96, 300.72, -97.80,   0.00,  23.38,   7.70
03, 07,    5.000,  1607.14,   7.18,  28.65, -92.53,  23.93,  88.84,  1F2 ,  19.34,   0.00, 123.49,   0.94, 321.12, -94.09,   0.00,  27.09,   7.18
03, 08,    5.000,  1607.14,   6.77,  27.56, -93.62,  24.74,  89.58,  1F2 ,  18.99,   0.00, 123.48,   0.93, 335.15, -94.08,   0.00,  27.10,   6.77
03, 09,    5.000,  1607.14,   6.85,  27.62, -93.56,  27.86,  93.52,  1F2 ,  18.26,   0.00, 123.45,   0.94, 313.13, -94.05,   0.00,  27.13,   6.85
03, 10,    5.000,  1607.14,   8.06,  26.87, -94.31,  26.84,  92.56,  1F2 ,  17.22,   0.00, 125.42,   1.00, 248.78, -96.02,   0.00,  25.16,   8.06
03, 11,    5.000,  1607.14,  10.56,  26.18, -95.00,  25.54,  91.16,   1E ,   4.11,   0.00, 128.74,   1.00, 110.00, -99.34,   0.00,  21.83,   5.69
03, 12,    5.000,  1607.14,  13.39,  17.80,-103.38,  16.78,  75.45,   1E ,   4.11,   0.00, 134.40,   1.00, 110.00,-105.00,   0.00,  16.18,   9.53
03, 13,    5.000,  1607.14,  15.35,   8.50,-112.68,   8.52,  38.67,   1E ,   4.11,   0.00, 142.51,   1.00, 110.00,-113.11,   0.00,   8.07,  12.33
03, 14,    5.000,  1607.14,  16.22,   3.72,-117.46,   3.73,  17.06,   1E ,   4.11,   0.00, 146.97,   1.00, 110.00,-117.57,   0.00,   3.61,  14.19
03, 15,    5.000,  1607.14,  16.51,  -0.10,-121.28,  -0.11,   7.59,   1E ,   4.11,   0.00, 150.74,   1.00, 110.00,-121.34,   0.00,  -0.16,  15.36
03, 16,    5.000,  1607.14,  16.61,  -0.28,-121.46,  -0.36,   7.11,   1E ,   4.11,   0.00, 150.91,   1.00, 110.00,-121.51,   0.00,  -0.33,  16.07
03, 17,    5.000,  1607.14,  16.69,  -1.59,-122.76,  -1.67,   4.77,   1E ,   4.11,   0.00, 152.20,   1.00, 110.00,-122.80,   0.00,  -1.62,  16.38
03, 18,    5.000,  1607.14,  16.85,  -1.39,-122.57,  -1.58,   5.00,   1E ,   4.11,   0.00, 152.01,   1.00, 110.00,-122.61,   0.00,  -1.43,  16.34
03, 19,    5.000,  1607.14,  17.03,   2.69,-118.49,   2.46,  13.63,   1E ,   4.11,   0.00, 147.94,   1.00, 110.00,-118.54,   0.00,   2.64,  15.93
03, 20,    5.000,  1607.14,  16.99,   5.70,-115.48,   6.50,  27.78,   1E ,   4.11,   0.00, 144.96,   1.00, 110.00,-115.56,   0.00,   5.62,  15.12
03, 21,    5.000,  1607.14,  16.54,   9.79,-111.39,  11.73,  58.34,   1E ,   4.11,   0.00, 140.97,   1.00, 110.00,-111.57,   0.00,   9.61,  13.80
03, 22,    5.000,  1607.14,  15.66,  12.70,-108.48,  10.45,  52.20,   1E ,   4.11,   0.00, 138.61,   1.00, 110.00,-109.21,   0.00,  11.96,  11.74
03, 23,    5.000,  1607.14,  14.26,  19.23,-101.95,  14.54,  68.15,   1E ,   4.11,   0.00, 133.43,   1.00, 110.00,-104.03,   0.00,  17.15,   8.84
03, 24,    5.000,  1607.14,  12.37,  25.28, -95.90,  18.94,  80.30,   1E ,   4.11,   0.00, 128.31,   1.00, 110.00, -98.91,   0.00,  22.27,   6.41

**************************End Calculated Parameters ***********************

